reg__430: sram__GB0, 
reg__11: dataPath__GC0, 
reg__523: sram__GB0, 
reg__462: sram__GB0, 
case__75: dataPath__GC0, 
logic__1087: sram__GB2, 
logic__577: sram__GB1, 
reg__39: dataPath__GC0, 
muxpart: dataPath__GC0, 
muxpart__59: sram__GB1, 
reg__278: sram__GB0, 
muxpart__372: sram__GB2, 
muxpart__457: sram__GB2, 
muxpart__439: sram__GB2, 
reg__546: sram__GB0, 
logic__977: sram__GB2, 
muxpart__103: sram__GB2, 
muxpart__325: sram__GB2, 
logic__63: dataPath__GC0, 
muxpart__132: sram__GB2, 
muxpart__140: sram__GB2, 
reg__130: sram__GB0, 
reg__344: sram__GB0, 
logic__633: sram__GB1, 
reg__245: sram__GB1, 
reg__289: sram__GB0, 
logic__913: sram__GB2, 
reg__127: sram__GB0, 
logic__1225: sram__GB2, 
logic__273: sram__GB2, 
logic__1033: sram__GB2, 
logic__505: sram__GB2, 
logic__785: sram__GB2, 
reg__101: sram__GB0, 
muxpart__178: sram__GB2, 
logic__175: dataPath__GC0, 
logic__615: sram__GB1, 
logic__733: sram__GB2, 
muxpart__340: sram__GB2, 
case__35: dataPath__GC0, 
reg__238: sram__GB1, 
muxpart__450: sram__GB2, 
logic__963: sram__GB2, 
logic__539: sram__GB1, 
muxpart__514: sram__GB2, 
logic__237: sram__GB1, 
muxpart__85: sram__GB1, 
reg__457: sram__GB0, 
logic__309: sram__GB1, 
logic__1241: dataPath__GC0, 
muxpart__66: sram__GB1, 
logic__835: sram__GB2, 
logic__499: sram__GB1, 
muxpart__501: sram__GB2, 
reg__3: dataPath__GC0, 
reg__316: sram__GB0, 
reg__56: sram__GB1, 
case__30: dataPath__GC0, 
logic__323: sram__GB1, 
muxpart__220: sram__GB2, 
logic__385: sram__GB2, 
muxpart__462: sram__GB2, 
reg__260: sram__GB1, 
logic__265: sram__GB2, 
muxpart__130: sram__GB2, 
case__4: dataPath__GC0, 
case__2: dataPath__GC0, 
logic__207: sram__GB1, 
logic__885: sram__GB2, 
reg__280: sram__GB0, 
logic__791: sram__GB2, 
logic__1059: sram__GB2, 
logic__859: sram__GB2, 
logic__1037: sram__GB2, 
muxpart__416: sram__GB2, 
reg__497: sram__GB0, 
reg__272: sram__GB0, 
reg__125: sram__GB0, 
muxpart__217: sram__GB1, 
reg__268: sram__GB1, 
logic__253: sram__GB1, 
reg__239: sram__GB0, 
logic__126: dataPath__GC0, 
logic__1143: sram__GB2, 
muxpart__464: sram__GB2, 
muxpart__42: sram__GB1, 
muxpart__290: sram__GB2, 
muxpart__13: sram__GB1, 
logic__605: sram__GB1, 
muxpart__97: sram__GB2, 
logic__801: sram__GB2, 
logic__735: sram__GB2, 
muxpart__249: sram__GB1, 
logic__415: sram__GB2, 
logic__1235: dataPath__GC0, 
logic__217: sram__GB1, 
logic__631: sram__GB2, 
muxpart__228: sram__GB1, 
muxpart__366: sram__GB2, 
logic__559: sram__GB1, 
logic__285: sram__GB1, 
reg__105: sram__GB0, 
logic__47: dataPath__GC0, 
reg__185: sram__GB0, 
muxpart__458: sram__GB2, 
muxpart__440: sram__GB2, 
muxpart__405: sram__GB2, 
muxpart__332: sram__GB2, 
muxpart__298: sram__GB2, 
reg__156: sram__GB0, 
logic__695: sram__GB0, 
reg__77: sram__GB0, 
muxpart__54: sram__GB1, 
logic__6: dataPath__GC0, 
muxpart__89: sram__GB2, 
muxpart__195: sram__GB1, 
muxpart__157: sram__GB1, 
reg__113: sram__GB0, 
reg__391: sram__GB0, 
logic__571: sram__GB1, 
muxpart__318: sram__GB2, 
muxpart__517: sram__GB2, 
logic__1001: sram__GB2, 
reg__117: sram__GB0, 
muxpart__378: sram__GB2, 
reg__148: sram__GB0, 
logic__369: sram__GB1, 
reg__64: sram__GB0, 
logic__449: sram__GB2, 
muxpart__289: sram__GB2, 
logic__941: sram__GB2, 
logic__261: sram__GB1, 
muxpart__100: sram__GB2, 
logic__769: sram__GB2, 
reg__399: sram__GB0, 
muxpart__274: sram__GB2, 
muxpart__5: dataPath__GC0, 
muxpart__434: sram__GB2, 
muxpart__263: sram__GB2, 
reg__459: sram__GB0, 
reg__57: sram__GB0, 
muxpart__465: sram__GB2, 
logic__981: sram__GB2, 
muxpart__164: sram__GB1, 
muxpart__11: sram__GB1, 
exe: dataPath__GC0, 
logic__245: sram__GB1, 
muxpart__81: sram__GB1, 
logic__341: sram__GB1, 
case__69: dataPath__GC0, 
reg__283: sram__GB0, 
muxpart__239: sram__GB1, 
logic__677: sram__GB1, 
reg__530: sram__GB0, 
reg__317: sram__GB0, 
reg__468: sram__GB0, 
logic__899: sram__GB2, 
reg__361: sram__GB0, 
logic__249: sram__GB1, 
logic__1213: sram__GB2, 
logic__1113: sram__GB2, 
logic__943: sram__GB2, 
muxpart__101: sram__GB2, 
reg__461: sram__GB0, 
reg__120: sram__GB0, 
logic__869: sram__GB2, 
reg__492: sram__GB0, 
muxpart__83: sram__GB1, 
reg__90: sram__GB0, 
reg__224: sram__GB1, 
logic__683: sram__GB1, 
logic__275: sram__GB2, 
logic__1061: sram__GB2, 
muxpart__398: sram__GB2, 
logic__58: dataPath__GC0, 
logic__535: sram__GB1, 
sramCTRL: mem__GC0, 
logic__1201: sram__GB2, 
reg__284: sram__GB0, 
muxpart__134: sram__GB2, 
logic__609: sram__GB1, 
logic__119: dataPath__GC0, 
logic__641: sram__GB1, 
reg__346: sram__GB0, 
reg__540: sram__GB0, 
reg__254: sram__GB1, 
reg__309: sram__GB0, 
reg__398: sram__GB0, 
reg__79: sram__GB0, 
logic__44: dataPath__GC0, 
reg__547: sram__GB0, 
reg__141: sram__GB0, 
logic__357: sram__GB1, 
case__56: dataPath__GC0, 
reg__214: sram__GB1, 
logic__635: sram__GB1, 
muxpart__268: sram__GB2, 
reg__504: sram__GB0, 
logic__12: dataPath__GC0, 
logic__511: sram__GB1, 
muxpart__275: sram__GB2, 
muxpart__229: sram__GB1, 
reg__164: sram__GB0, 
reg__236: sram__GB1, 
logic__1105: sram__GB2, 
reg__525: sram__GB0, 
reg__43: sram__GB0, 
muxpart__504: sram__GB2, 
reg__509: sram__GB0, 
reg__88: sram__GB0, 
logic__19: dataPath__GC0, 
muxpart__9: mem__GC0, 
muxpart__515: sram__GB2, 
reg__114: sram__GB0, 
muxpart__401: sram__GB2, 
logic__1145: sram__GB2, 
muxpart__363: sram__GB2, 
muxpart__299: sram__GB1, 
muxpart__292: sram__GB2, 
case__37: dataPath__GC0, 
muxpart__26: sram__GB1, 
reg__349: sram__GB0, 
reg__22: dataPath__GC0, 
muxpart__377: sram__GB2, 
reg__107: sram__GB0, 
logic__701: sram__GB1, 
datapath__1: dataPath__GC0, 
reg__212: sram__GB1, 
muxpart__468: sram__GB2, 
reg__534: sram__GB0, 
logic__219: sram__GB1, 
logic__1099: sram__GB2, 
reg__560: dataPath__GC0, 
muxpart__328: sram__GB2, 
reg__286: sram__GB0, 
muxpart__371: sram__GB2, 
muxpart__24: sram__GB1, 
logic__547: sram__GB1, 
datapath__3: dataPath__GC0, 
logic__561: sram__GB1, 
logic__379: sram__GB2, 
reg__194: sram__GB1, 
dataPath__GC0: dataPath__GC0, 
muxpart__207: sram__GB2, 
reg__223: sram__GB1, 
reg__69: sram__GB0, 
reg__295: sram__GB0, 
muxpart__392: sram__GB2, 
reg__418: sram__GB0, 
muxpart__348: sram__GB2, 
muxpart__96: sram__GB2, 
logic__268: sram__GB1, 
reg__341: sram__GB0, 
muxpart__417: sram__GB2, 
muxpart__411: sram__GB2, 
reg__124: sram__GB0, 
logic__381: sram__GB2, 
muxpart__390: sram__GB2, 
reg__517: sram__GB0, 
reg__400: sram__GB0, 
reg__169: sram__GB0, 
muxpart__88: sram__GB1, 
logic__1041: sram__GB2, 
muxpart__267: sram__GB1, 
logic__771: sram__GB2, 
logic__959: sram__GB2, 
reg__109: sram__GB0, 
muxpart__31: sram__GB1, 
logic__623: sram__GB1, 
reg__132: sram__GB0, 
reg__494: sram__GB0, 
reg__232: sram__GB1, 
logic__1223: sram__GB2, 
muxpart__383: sram__GB2, 
muxpart__211: sram__GB2, 
muxpart__309: sram__GB2, 
logic__531: sram__GB1, 
logic__743: sram__GB2, 
muxpart__294: sram__GB2, 
logic__843: sram__GB2, 
logic__1230: dataPath__GC0, 
logic__54: dataPath__GC0, 
muxpart__505: sram__GB2, 
reg__233: sram__GB1, 
muxpart__95: sram__GB2, 
logic__1063: sram__GB2, 
logic__893: sram__GB2, 
reg__183: sram__GB0, 
logic__765: sram__GB2, 
reg__529: sram__GB0, 
reg__187: sram__GB0, 
logic__130: dataPath__GC0, 
reg__395: sram__GB0, 
reg__329: sram__GB0, 
logic__593: sram__GB1, 
logic__973: sram__GB2, 
logic__1169: sram__GB2, 
reg__403: sram__GB0, 
reg__360: sram__GB0, 
muxpart__131: sram__GB2, 
logic__325: sram__GB1, 
logic__136: dataPath__GC0, 
logic__781: sram__GB2, 
reg__378: sram__GB0, 
muxpart__50: sram__GB1, 
muxpart__386: sram__GB2, 
muxpart__23: sram__GB1, 
muxpart__277: sram__GB1, 
logic__289: sram__GB1, 
reg__554: mem__GC0, 
logic__195: mem__GC0, 
reg__18: dataPath__GC0, 
muxpart__251: sram__GB1, 
reg__166: sram__GB0, 
logic__917: sram__GB2, 
reg__139: sram__GB0, 
muxpart__258: sram__GB1, 
reg__522: sram__GB0, 
logic__125: dataPath__GC0, 
muxpart__475: sram__GB2, 
logic__363: sram__GB2, 
logic__303: sram__GB1, 
logic__169: dataPath__GC0, 
logic__1135: sram__GB2, 
reg__122: sram__GB0, 
muxpart__129: sram__GB2, 
logic__1147: sram__GB2, 
reg__177: sram__GB0, 
reg__537: sram__GB0, 
logic__787: sram__GB2, 
logic__279: sram__GB2, 
logic__1055: sram__GB2, 
reg__186: sram__GB0, 
muxpart__278: sram__GB2, 
muxpart__15: sram__GB1, 
logic__401: sram__GB2, 
logic__1097: sram__GB2, 
reg__93: sram__GB0, 
reg__96: sram__GB0, 
muxpart__374: sram__GB2, 
reg__244: sram__GB1, 
reg__193: sram__GB1, 
reg__299: sram__GB0, 
logic__82: dataPath__GC0, 
muxpart__259: sram__GB1, 
reg__466: sram__GB0, 
muxpart__522: sram__GB0, 
muxpart__426: sram__GB2, 
logic__591: sram__GB2, 
logic__1109: sram__GB2, 
muxpart__231: sram__GB1, 
case__18: dataPath__GC0, 
reg__506: sram__GB0, 
logic__957: sram__GB2, 
muxpart__72: sram__GB1, 
muxpart__133: sram__GB2, 
muxpart__39: sram__GB1, 
reg__472: sram__GB0, 
muxpart__152: sram__GB2, 
muxpart__167: sram__GB1, 
muxpart__4: dataPath__GC0, 
muxpart__185: sram__GB1, 
reg__174: sram__GB0, 
muxpart__432: sram__GB2, 
reg__440: sram__GB0, 
muxpart__467: sram__GB2, 
reg__352: sram__GB0, 
muxpart__166: sram__GB1, 
logic__961: sram__GB2, 
reg__426: sram__GB0, 
muxpart__227: sram__GB1, 
reg__355: sram__GB0, 
logic__1081: sram__GB2, 
reg__456: sram__GB0, 
logic__1187: sram__GB2, 
muxpart__232: sram__GB1, 
reg__488: sram__GB0, 
muxpart__208: sram__GB1, 
muxpart__64: sram__GB1, 
case__71: dataPath__GC0, 
logic__20: dataPath__GC0, 
muxpart__283: sram__GB2, 
logic__295: sram__GB1, 
muxpart__503: sram__GB2, 
reg__531: sram__GB0, 
logic__1131: sram__GB2, 
logic__827: sram__GB2, 
muxpart__302: sram__GB2, 
muxpart__2: dataPath__GC0, 
reg__190: sram__GB1, 
reg__65: sram__GB0, 
reg__257: sram__GB1, 
logic__335: sram__GB1, 
datapath__16: dataPath__GC0, 
muxpart__176: sram__GB1, 
reg__423: sram__GB0, 
muxpart__37: sram__GB1, 
logic__1027: sram__GB2, 
reg__81: sram__GB0, 
muxpart__213: sram__GB1, 
muxpart__414: sram__GB2, 
logic__475: sram__GB2, 
muxpart__156: sram__GB1, 
muxpart__234: sram__GB1, 
reg__150: sram__GB0, 
muxpart__461: sram__GB2, 
reg__129: sram__GB0, 
logic__80: dataPath__GC0, 
case__22: dataPath__GC0, 
muxpart__168: sram__GB1, 
logic__15: dataPath__GC0, 
logic__639: sram__GB1, 
logic__653: sram__GB1, 
case__34: dataPath__GC0, 
logic__1053: sram__GB2, 
reg__516: sram__GB0, 
logic__805: sram__GB2, 
logic__491: sram__GB2, 
logic__897: sram__GB2, 
logic__393: sram__GB2, 
reg__210: sram__GB0, 
logic__681: sram__GB1, 
logic__503: sram__GB1, 
logic__711: sram__GB2, 
muxpart__194: sram__GB1, 
logic__479: sram__GB2, 
muxpart__273: sram__GB2, 
muxpart__63: sram__GB1, 
reg__142: sram__GB0, 
muxpart__359: sram__GB2, 
reg__118: sram__GB0, 
logic__439: sram__GB2, 
logic__52: dataPath__GC0, 
logic__397: sram__GB2, 
reg__46: sram__GB1, 
muxpart__523: dataPath__GC0, 
muxpart__62: sram__GB1, 
logic__817: sram__GB2, 
reg__180: sram__GB0, 
logic__587: sram__GB1, 
logic__204: sram__GB1, 
datapath__15: dataPath__GC0, 
logic__1195: sram__GB2, 
reg__267: sram__GB1, 
logic__78: dataPath__GC0, 
logic__553: sram__GB2, 
logic__48: dataPath__GC0, 
muxpart__73: sram__GB1, 
reg__219: sram__GB1, 
reg__498: sram__GB0, 
logic__507: sram__GB1, 
logic__339: sram__GB1, 
reg__26: dataPath__GC0, 
reg__66: sram__GB0, 
reg__288: sram__GB0, 
conditionCheck: dataPath__GC0, 
logic__889: sram__GB2, 
reg__350: sram__GB0, 
reg__469: sram__GB0, 
case__67: dataPath__GC0, 
reg__543: sram__GB0, 
muxpart__236: sram__GB1, 
muxpart__422: sram__GB2, 
logic__1079: sram__GB2, 
muxpart__331: sram__GB2, 
logic__1227: sram__GB2, 
reg__8: dataPath__GC0, 
logic__1049: sram__GB2, 
datapath__13: dataPath__GC0, 
logic__693: sram__GB0, 
case__61: dataPath__GC0, 
logic__1231: dataPath__GC0, 
logic__421: sram__GB2, 
reg__545: sram__GB0, 
muxpart__346: sram__GB2, 
muxpart__296: sram__GB1, 
logic__135: dataPath__GC0, 
muxpart__3: dataPath__GC0, 
muxpart__117: sram__GB2, 
reg__153: sram__GB0, 
logic__66: dataPath__GC0, 
muxpart__423: sram__GB2, 
logic__933: sram__GB2, 
logic__1228: mem__GC0, 
muxpart__480: sram__GB2, 
logic__867: sram__GB2, 
logic__225: sram__GB1, 
muxpart__476: sram__GB2, 
logic__725: sram__GB2, 
logic__751: sram__GB2, 
reg__181: sram__GB0, 
reg__305: sram__GB0, 
muxpart__379: sram__GB2, 
reg__75: sram__GB0, 
reg__294: sram__GB0, 
case__42: dataPath__GC0, 
case__20: dataPath__GC0, 
reg__165: sram__GB0, 
muxpart__25: sram__GB1, 
reg__4: dataPath__GC0, 
logic__423: sram__GB2, 
reg__237: sram__GB0, 
muxpart__357: sram__GB2, 
muxpart__323: sram__GB2, 
logic__655: sram__GB1, 
logic__187: dataPath__GC0, 
logic__949: sram__GB2, 
logic__127: dataPath__GC0, 
reg__204: sram__GB1, 
logic__569: sram__GB1, 
reg__220: sram__GB1, 
logic__643: sram__GB1, 
datapath__8: dataPath__GC0, 
logic__603: sram__GB1, 
muxpart__110: sram__GB2, 
muxpart__430: sram__GB2, 
logic__533: sram__GB1, 
logic__88: dataPath__GC0, 
muxpart__490: sram__GB2, 
muxpart__483: sram__GB2, 
muxpart__454: sram__GB2, 
logic__220: sram__GB1, 
muxpart__448: sram__GB2, 
reg__184: sram__GB0, 
reg__265: sram__GB1, 
logic__9: dataPath__GC0, 
reg__501: sram__GB0, 
reg__538: sram__GB0, 
logic__229: sram__GB1, 
muxpart__137: sram__GB2, 
case__17: dataPath__GC0, 
logic__1085: sram__GB2, 
logic__128: dataPath__GC0, 
logic__319: sram__GB1, 
case__44: dataPath__GC0, 
logic__313: sram__GB1, 
logic__73: dataPath__GC0, 
muxpart__353: sram__GB2, 
logic__345: sram__GB2, 
reg__407: sram__GB0, 
datapath__14: dataPath__GC0, 
reg__32: dataPath__GC0, 
logic__33: dataPath__GC0, 
reg__6: dataPath__GC0, 
muxpart__474: sram__GB2, 
logic__1025: sram__GB2, 
muxpart__79: sram__GB1, 
reg__277: sram__GB0, 
reg__168: sram__GB0, 
muxpart__341: sram__GB2, 
muxpart__183: sram__GB1, 
reg__247: sram__GB1, 
muxpart__226: sram__GB1, 
logic__83: dataPath__GC0, 
logic__427: sram__GB2, 
muxpart__419: sram__GB2, 
muxpart__40: sram__GB2, 
muxpart__16: sram__GB1, 
logic__305: sram__GB1, 
logic__1115: sram__GB2, 
reg__338: sram__GB0, 
muxpart__190: sram__GB1, 
muxpart__376: sram__GB2, 
logic__163: dataPath__GC0, 
logic__124: dataPath__GC0, 
logic__1261: dataPath__GC0, 
muxpart__520: sram__GB2, 
muxpart__425: sram__GB2, 
muxpart__362: sram__GB2, 
reg__112: sram__GB0, 
reg__5: dataPath__GC0, 
logic__1019: sram__GB2, 
muxpart__91: sram__GB1, 
logic__291: sram__GB1, 
reg__396: sram__GB0, 
muxpart__223: sram__GB2, 
reg__211: sram__GB1, 
reg__85: sram__GB0, 
logic__377: sram__GB2, 
reg__259: sram__GB1, 
reg__324: sram__GB0, 
reg__29: dataPath__GC0, 
muxpart__139: sram__GB2, 
reg__13: dataPath__GC0, 
reg__48: sram__GB0, 
logic__208: sram__GB1, 
case__65: dataPath__GC0, 
logic__331: sram__GB1, 
logic__349: sram__GB1, 
reg__392: sram__GB0, 
reg__555: mem__GC0, 
reg__12: dataPath__GC0, 
muxpart__255: sram__GB1, 
reg__21: dataPath__GC0, 
logic__1175: sram__GB2, 
logic__1009: sram__GB2, 
muxpart__351: sram__GB2, 
reg__550: sram__GB0, 
muxpart__421: sram__GB2, 
reg__482: sram__GB0, 
muxpart__368: sram__GB2, 
muxpart__453: sram__GB2, 
reg__225: sram__GB1, 
logic__729: sram__GB2, 
logic__595: sram__GB2, 
muxpart__80: sram__GB2, 
reg__371: sram__GB0, 
reg__471: sram__GB0, 
logic__205: sram__GB1, 
reg__404: sram__GB0, 
logic__1219: sram__GB2, 
reg__453: sram__GB0, 
muxpart__126: sram__GB2, 
logic__1003: sram__GB2, 
muxpart__403: sram__GB2, 
reg__31: dataPath__GC0, 
logic__809: sram__GB2, 
logic__691: sram__GB1, 
reg__379: sram__GB0, 
reg__208: sram__GB1, 
muxpart__41: sram__GB1, 
muxpart__307: sram__GB2, 
logic__669: sram__GB1, 
muxpart__284: sram__GB2, 
muxpart__233: sram__GB1, 
logic__1031: sram__GB2, 
reg__206: sram__GB1, 
logic__1229: mem__GC0, 
reg__438: sram__GB0, 
case__1: dataPath__GC0, 
muxpart__206: sram__GB1, 
muxpart__186: sram__GB1, 
logic__200: mem__GC0, 
reg__405: sram__GB0, 
logic__687: sram__GB1, 
memReg: mem__GC0, 
muxpart__305: sram__GB2, 
reg__131: sram__GB0, 
reg__231: sram__GB1, 
logic__849: sram__GB2, 
muxpart__250: sram__GB1, 
muxpart__172: sram__GB1, 
logic__903: sram__GB2, 
logic__1173: sram__GB2, 
reg__507: sram__GB0, 
logic__1189: sram__GB2, 
reg__441: sram__GB0, 
reg__246: sram__GB1, 
muxpart__179: sram__GB1, 
logic__67: dataPath__GC0, 
muxpart__516: sram__GB2, 
reg__454: sram__GB0, 
muxpart__45: sram__GB2, 
muxpart__431: sram__GB2, 
reg__192: sram__GB0, 
reg__241: sram__GB1, 
reg__419: sram__GB0, 
case__11: dataPath__GC0, 
logic__1127: sram__GB2, 
reg__7: dataPath__GC0, 
muxpart__203: sram__GB2, 
logic__419: sram__GB2, 
muxpart__306: sram__GB2, 
reg__335: sram__GB0, 
reg__359: sram__GB0, 
muxpart__317: sram__GB2, 
logic__551: sram__GB1, 
logic__455: sram__GB2, 
reg__377: sram__GB0, 
reg__110: sram__GB0, 
datapath__6: dataPath__GC0, 
muxpart__247: sram__GB1, 
muxpart__177: sram__GB1, 
reg__508: sram__GB0, 
muxpart__161: sram__GB1, 
logic__451: sram__GB2, 
reg__447: sram__GB0, 
logic__168: dataPath__GC0, 
muxpart__29: sram__GB1, 
reg__134: sram__GB0, 
logic__1057: sram__GB2, 
logic__671: sram__GB2, 
muxpart__112: sram__GB2, 
logic__355: sram__GB1, 
muxpart__509: sram__GB2, 
reg__464: sram__GB0, 
muxpart__74: sram__GB1, 
logic__251: sram__GB1, 
muxpart__175: sram__GB1, 
muxpart__28: sram__GB1, 
logic__901: sram__GB2, 
case__10: dataPath__GC0, 
logic__1209: sram__GB2, 
logic__567: sram__GB1, 
reg__342: sram__GB0, 
muxpart__55: sram__GB1, 
muxpart__244: sram__GB2, 
datapath: dataPath__GC0, 
logic__2: dataPath__GC0, 
reg__209: sram__GB1, 
logic__389: sram__GB2, 
reg__314: sram__GB0, 
logic__929: sram__GB2, 
logic__645: sram__GB1, 
muxpart__297: sram__GB2, 
reg__326: sram__GB0, 
muxpart__420: sram__GB2, 
reg__460: sram__GB0, 
logic__617: sram__GB1, 
logic: dataPath__GC0, 
logic__395: sram__GB2, 
reg__47: sram__GB0, 
logic__81: dataPath__GC0, 
muxpart__402: sram__GB2, 
case__16: dataPath__GC0, 
logic__509: sram__GB1, 
logic__579: sram__GB1, 
logic__741: sram__GB2, 
reg__255: sram__GB0, 
logic__1117: sram__GB2, 
reg__328: sram__GB0, 
reg__149: sram__GB0, 
case__28: dataPath__GC0, 
logic__1167: sram__GB2, 
muxpart__170: sram__GB1, 
case__66: dataPath__GC0, 
reg__108: sram__GB0, 
muxpart__330: sram__GB2, 
logic__231: sram__GB1, 
reg__235: sram__GB0, 
reg__37: dataPath__GC0, 
reg__384: sram__GB0, 
logic__703: sram__GB1, 
reg__320: sram__GB0, 
datapath__11: mem__GC0, 
reg__387: sram__GB0, 
logic__202: mem__GC0, 
reg__437: sram__GB0, 
logic__121: dataPath__GC0, 
logic__887: sram__GB2, 
reg__199: sram__GB1, 
muxpart__311: sram__GB2, 
case__45: dataPath__GC0, 
reg__333: sram__GB0, 
reg__410: sram__GB0, 
logic__132: dataPath__GC0, 
logic__983: sram__GB2, 
muxpart__260: sram__GB1, 
reg__281: sram__GB0, 
reg__216: sram__GB0, 
reg__503: sram__GB0, 
muxpart__36: sram__GB1, 
reg__388: sram__GB0, 
logic__649: sram__GB1, 
muxpart__43: sram__GB1, 
logic__851: sram__GB2, 
muxpart__511: sram__GB2, 
pla: dataPath__GC0, 
reg__95: sram__GB0, 
reg__476: sram__GB0, 
case__32: dataPath__GC0, 
muxpart__113: sram__GB2, 
muxpart__447: sram__GB2, 
muxpart__433: sram__GB2, 
reg__458: sram__GB0, 
logic__271: sram__GB1, 
datapath__7: dataPath__GC0, 
case__40: dataPath__GC0, 
muxpart__409: sram__GB2, 
logic__647: sram__GB1, 
muxpart__479: sram__GB2, 
muxpart__418: sram__GB2, 
reg__252: sram__GB0, 
case__41: dataPath__GC0, 
muxpart__498: sram__GB2, 
logic__170: dataPath__GC0, 
logic__1165: sram__GB2, 
reg__24: dataPath__GC0, 
logic__469: sram__GB2, 
logic__60: dataPath__GC0, 
case__31: dataPath__GC0, 
muxpart__358: sram__GB2, 
muxpart__497: sram__GB2, 
reg__478: sram__GB0, 
muxpart__442: sram__GB2, 
case__12: dataPath__GC0, 
muxpart__293: sram__GB2, 
logic__613: sram__GB1, 
reg__266: sram__GB1, 
reg__140: sram__GB0, 
reg__123: sram__GB0, 
muxpart__159: sram__GB1, 
logic__1193: sram__GB2, 
muxpart__128: sram__GB2, 
logic__697: sram__GB1, 
case__14: dataPath__GC0, 
reg__483: sram__GB0, 
logic__321: sram__GB1, 
reg__315: sram__GB0, 
reg__167: sram__GB0, 
logic__194: dataPath__GC0, 
logic__1157: sram__GB2, 
reg__479: sram__GB0, 
reg__104: sram__GB0, 
logic__46: dataPath__GC0, 
muxpart__365: sram__GB2, 
logic__236: sram__GB1, 
logic__709: sram__GB1, 
muxpart__502: sram__GB2, 
logic__519: sram__GB1, 
logic__269: sram__GB1, 
reg__559: dataPath__GC0, 
muxpart__482: sram__GB2, 
muxpart__198: sram__GB1, 
datapath__2: dataPath__GC0, 
reg__55: sram__GB0, 
logic__563: sram__GB1, 
logic__327: sram__GB2, 
reg__282: sram__GB0, 
reg__446: sram__GB0, 
reg__485: sram__GB0, 
logic__517: sram__GB1, 
reg__74: sram__GB0, 
reg__154: sram__GB0, 
muxpart__367: sram__GB2, 
reg__385: sram__GB0, 
reg__82: sram__GB0, 
reg__452: sram__GB0, 
logic__971: sram__GB2, 
reg__176: sram__GB0, 
reg__491: sram__GB0, 
muxpart__65: sram__GB1, 
logic__1185: sram__GB2, 
muxpart__149: sram__GB2, 
logic__118: dataPath__GC0, 
muxpart__495: sram__GB2, 
logic__813: sram__GB2, 
muxpart__313: sram__GB2, 
muxpart__202: sram__GB1, 
logic__24: dataPath__GC0, 
muxpart__169: sram__GB1, 
logic__665: sram__GB1, 
logic__1199: sram__GB2, 
logic__657: sram__GB1, 
reg__505: sram__GB0, 
reg__170: sram__GB0, 
logic__1221: sram__GB2, 
muxpart__102: sram__GB2, 
logic__731: sram__GB2, 
muxpart__408: sram__GB2, 
muxpart__119: sram__GB2, 
reg__411: sram__GB0, 
muxpart__435: sram__GB2, 
reg__271: sram__GB0, 
reg__443: sram__GB0, 
muxpart__382: sram__GB2, 
logic__545: sram__GB1, 
logic__825: sram__GB2, 
muxpart__151: sram__GB2, 
logic__699: sram__GB1, 
logic__841: sram__GB2, 
reg__50: sram__GB0, 
case__19: dataPath__GC0, 
muxpart__136: sram__GB2, 
reg__439: sram__GB0, 
muxpart__69: sram__GB1, 
muxpart__352: sram__GB2, 
reg__86: sram__GB0, 
logic__689: sram__GB1, 
reg__161: sram__GB0, 
muxpart__35: sram__GB1, 
reg__258: sram__GB1, 
muxpart__288: sram__GB2, 
reg__451: sram__GB0, 
muxpart__158: sram__GB1, 
case__29: dataPath__GC0, 
logic__4: dataPath__GC0, 
muxpart__455: sram__GB2, 
reg__162: sram__GB0, 
reg__222: sram__GB1, 
muxpart__282: sram__GB2, 
logic__955: sram__GB2, 
muxpart__230: sram__GB1, 
muxpart__48: sram__GB1, 
reg__83: sram__GB0, 
logic__477: sram__GB2, 
logic__70: dataPath__GC0, 
logic__881: sram__GB2, 
reg__375: sram__GB0, 
logic__293: sram__GB1, 
reg__420: sram__GB0, 
reg__414: sram__GB0, 
reg__357: sram__GB0, 
datapath__9: dataPath__GC0, 
logic__1211: sram__GB2, 
reg__499: sram__GB0, 
muxpart__381: sram__GB2, 
reg__274: sram__GB0, 
muxpart__56: sram__GB1, 
reg__347: sram__GB0, 
case__7: dataPath__GC0, 
muxpart__94: sram__GB2, 
logic__1254: dataPath__GC0, 
muxpart__27: sram__GB1, 
muxpart__201: sram__GB1, 
logic__659: sram__GB1, 
reg__493: sram__GB0, 
logic__1073: sram__GB2, 
case__5: dataPath__GC0, 
muxpart__321: sram__GB2, 
statusRegister: dataPath__GC0, 
logic__1133: sram__GB2, 
logic__5: dataPath__GC0, 
reg__486: sram__GB0, 
muxpart__266: sram__GB1, 
logic__411: sram__GB2, 
muxpart__189: sram__GB1, 
logic__583: sram__GB1, 
logic__39: dataPath__GC0, 
muxpart__162: sram__GB1, 
reg__279: sram__GB0, 
logic__789: sram__GB2, 
reg__304: sram__GB0, 
reg__217: sram__GB1, 
logic__1245: dataPath__GC0, 
logic__1149: sram__GB2, 
reg__322: sram__GB0, 
reg__337: sram__GB0, 
logic__1007: sram__GB2, 
logic__521: sram__GB1, 
logic__537: sram__GB1, 
muxpart__410: sram__GB2, 
muxpart__271: sram__GB2, 
logic__879: sram__GB2, 
case__9: dataPath__GC0, 
logic__365: sram__GB1, 
reg__158: sram__GB0, 
logic__779: sram__GB2, 
logic__56: dataPath__GC0, 
logic__1083: sram__GB2, 
muxpart__135: sram__GB2, 
muxpart__496: sram__GB2, 
reg__321: sram__GB0, 
logic__873: sram__GB2, 
reg__251: sram__GB1, 
muxpart__508: sram__GB2, 
reg__425: sram__GB0, 
reg__434: sram__GB0, 
logic__435: sram__GB2, 
muxpart__76: sram__GB1, 
logic__847: sram__GB2, 
muxpart__218: sram__GB2, 
logic__829: sram__GB2, 
case__73: dataPath__GC0, 
logic__186: dataPath__GC0, 
logic__1183: sram__GB2, 
case__50: dataPath__GC0, 
reg__9: dataPath__GC0, 
muxpart__513: sram__GB2, 
reg__358: sram__GB0, 
logic__223: sram__GB1, 
muxpart__193: sram__GB1, 
muxpart__494: sram__GB2, 
reg__227: sram__GB1, 
reg__427: sram__GB0, 
logic__167: dataPath__GC0, 
reg__557: mem__GC0, 
reg__356: sram__GB0, 
logic__529: sram__GB1, 
logic__431: sram__GB2, 
reg__221: sram__GB1, 
case__62: dataPath__GC0, 
muxpart__301: sram__GB2, 
logic__333: sram__GB1, 
muxpart__387: sram__GB2, 
logic__757: sram__GB1, 
logic__661: sram__GB1, 
logic__429: sram__GB2, 
reg__106: sram__GB0, 
reg__307: sram__GB0, 
logic__463: sram__GB2, 
muxpart__519: sram__GB2, 
mem__GC0: mem__GC0, 
reg__163: sram__GB0, 
reg__2: dataPath__GC0, 
logic__1023: sram__GB2, 
logic__425: sram__GB2, 
muxpart__86: sram__GB1, 
PC: dataPath__GC0, 
logic__607: sram__GB2, 
case__6: dataPath__GC0, 
logic__625: sram__GB2, 
muxpart__182: sram__GB1, 
logic__7: dataPath__GC0, 
logic__1153: sram__GB2, 
logic__995: sram__GB2, 
logic__311: sram__GB1, 
muxpart__163: sram__GB1, 
logic__549: sram__GB1, 
logic__627: sram__GB1, 
reg__40: dataPath__GC0, 
muxpart__312: sram__GB2, 
case__60: dataPath__GC0, 
muxpart__478: sram__GB2, 
muxpart__449: sram__GB2, 
muxpart__6: dataPath__GC0, 
logic__921: sram__GB2, 
logic__487: sram__GB2, 
reg__318: sram__GB0, 
logic__953: sram__GB2, 
reg__325: sram__GB0, 
reg__552: sram__GB0, 
logic__497: sram__GB1, 
reg__370: sram__GB0, 
logic__79: dataPath__GC0, 
reg__17: dataPath__GC0, 
reg__116: sram__GB0, 
reg__16: dataPath__GC0, 
logic__861: sram__GB2, 
muxpart__314: sram__GB2, 
logic__1177: sram__GB2, 
reg__536: sram__GB0, 
reg__376: sram__GB0, 
reg__63: sram__GB0, 
logic__719: sram__GB1, 
reg__207: sram__GB1, 
logic__184: dataPath__GC0, 
reg__136: sram__GB0, 
reg__171: sram__GB0, 
logic__85: dataPath__GC0, 
reg__354: sram__GB0, 
reg__60: sram__GB0, 
muxpart__68: sram__GB1, 
muxpart__49: sram__GB1, 
reg__215: sram__GB1, 
logic__164: dataPath__GC0, 
logic__597: sram__GB1, 
reg__179: sram__GB0, 
reg__433: sram__GB0, 
logic__673: sram__GB2, 
muxpart__355: sram__GB2, 
logic__875: sram__GB2, 
logic__557: sram__GB1, 
reg__372: sram__GB0, 
case__23: dataPath__GC0, 
reg__115: sram__GB0, 
muxpart__67: sram__GB1, 
muxpart__243: sram__GB2, 
muxpart__254: sram__GB1, 
muxpart__21: sram__GB1, 
case__52: dataPath__GC0, 
reg__35: dataPath__GC0, 
logic__172: dataPath__GC0, 
logic__37: dataPath__GC0, 
muxpart__145: sram__GB2, 
muxpart__90: sram__GB1, 
case__53: dataPath__GC0, 
logic__437: sram__GB2, 
logic__417: sram__GB2, 
logic__332: sram__GB1, 
reg__25: dataPath__GC0, 
reg__390: sram__GB0, 
muxpart__61: sram__GB1, 
reg__270: sram__GB0, 
logic__57: dataPath__GC0, 
reg__343: sram__GB0, 
logic__853: sram__GB2, 
muxpart__488: sram__GB2, 
reg__102: sram__GB0, 
reg__23: dataPath__GC0, 
logic__42: dataPath__GC0, 
muxpart__487: sram__GB2, 
reg__203: sram__GB1, 
reg__292: sram__GB0, 
reg__528: sram__GB0, 
logic__1139: sram__GB2, 
muxpart__114: sram__GB2, 
reg__448: sram__GB0, 
muxpart__82: sram__GB1, 
case__24: dataPath__GC0, 
logic__40: dataPath__GC0, 
muxpart__481: sram__GB2, 
reg__71: sram__GB0, 
muxpart__373: sram__GB2, 
muxpart__60: sram__GB1, 
logic__87: dataPath__GC0, 
muxpart__99: sram__GB2, 
reg__240: sram__GB1, 
logic__857: sram__GB2, 
logic__739: sram__GB1, 
reg__218: sram__GB1, 
muxpart__199: sram__GB1, 
muxpart__75: sram__GB1, 
instFetchReg: dataPath__GC0, 
muxpart__141: sram__GB2, 
muxpart__469: sram__GB2, 
reg__511: sram__GB0, 
logic__803: sram__GB2, 
reg__173: sram__GB0, 
logic__523: sram__GB1, 
muxpart__335: sram__GB2, 
case__38: dataPath__GC0, 
reg__138: sram__GB0, 
reg__290: sram__GB0, 
logic__573: sram__GB1, 
muxpart__375: sram__GB2, 
logic__555: sram__GB1, 
logic__196: mem__GC0, 
muxpart__47: sram__GB2, 
logic__1179: sram__GB2, 
muxpart__304: sram__GB2, 
muxpart__264: sram__GB1, 
muxpart__58: sram__GB1, 
muxpart__44: sram__GB2, 
muxpart__84: sram__GB2, 
logic__543: sram__GB1, 
muxpart__361: sram__GB2, 
muxpart__121: sram__GB2, 
muxpart__356: sram__GB2, 
muxpart__406: sram__GB2, 
muxpart__270: sram__GB2, 
reg__73: sram__GB0, 
logic__209: sram__GB1, 
reg__373: sram__GB0, 
reg__291: sram__GB0, 
logic__215: sram__GB1, 
case__27: dataPath__GC0, 
reg__146: sram__GB0, 
reg__196: sram__GB1, 
logic__460: sram__GB2, 
reg__421: sram__GB0, 
reg__152: sram__GB0, 
muxpart__127: sram__GB2, 
muxpart__214: sram__GB1, 
reg__369: sram__GB0, 
reg__389: sram__GB0, 
muxpart__205: sram__GB2, 
reg__496: sram__GB0, 
logic__1071: sram__GB2, 
logic__663: sram__GB1, 
muxpart__347: sram__GB2, 
muxpart__53: sram__GB1, 
logic__53: dataPath__GC0, 
logic__1091: sram__GB2, 
reg__256: sram__GB1, 
logic__281: sram__GB1, 
logic__721: sram__GB2, 
logic__707: sram__GB1, 
logic__481: sram__GB2, 
logic__259: sram__GB1, 
case__63: dataPath__GC0, 
reg__374: sram__GB0, 
logic__891: sram__GB2, 
muxpart__174: sram__GB1, 
muxpart__212: sram__GB1, 
reg__544: sram__GB0, 
muxpart__52: sram__GB1, 
logic__839: sram__GB2, 
reg__365: sram__GB0, 
logic__443: sram__GB2, 
logic__939: sram__GB2, 
logic__525: sram__GB1, 
reg__160: sram__GB0, 
reg__19: dataPath__GC0, 
reg__87: sram__GB0, 
reg__424: sram__GB0, 
reg__58: sram__GB0, 
logic__122: dataPath__GC0, 
reg__353: sram__GB0, 
logic__1205: sram__GB2, 
reg__397: sram__GB0, 
logic__795: sram__GB2, 
muxpart__472: sram__GB2, 
logic__773: sram__GB2, 
logic__967: sram__GB2, 
logic__1035: sram__GB2, 
muxpart__192: sram__GB1, 
case__58: dataPath__GC0, 
reg__436: sram__GB0, 
logic__581: sram__GB1, 
muxpart__154: sram__GB2, 
reg__144: sram__GB0, 
logic__1029: sram__GB2, 
muxpart__242: sram__GB1, 
ALU: dataPath__GC0, 
muxpart__445: sram__GB2, 
logic__227: sram__GB1, 
muxpart__337: sram__GB2, 
reg__62: sram__GB0, 
logic__1232: dataPath__GC0, 
logic__116: dataPath__GC0, 
case__64: dataPath__GC0, 
logic__457: sram__GB2, 
logic__473: sram__GB2, 
logic__373: sram__GB2, 
muxpart__349: sram__GB2, 
muxpart__222: sram__GB1, 
logic__337: sram__GB1, 
reg__500: sram__GB0, 
reg__100: sram__GB0, 
muxpart__225: sram__GB1, 
reg__72: sram__GB0, 
logic__775: sram__GB1, 
muxpart__272: sram__GB2, 
logic__1121: sram__GB2, 
reg__364: sram__GB0, 
logic__35: dataPath__GC0, 
reg__94: sram__GB0, 
logic__975: sram__GB2, 
logic__749: sram__GB2, 
logic__26: dataPath__GC0, 
reg__308: sram__GB0, 
logic__299: sram__GB1, 
muxpart__33: sram__GB1, 
logic__611: sram__GB1, 
muxpart__399: sram__GB2, 
reg__340: sram__GB0, 
reg__200: sram__GB1, 
reg__172: sram__GB0, 
muxpart__204: sram__GB1, 
logic__13: dataPath__GC0, 
sram__GB2: sram__GB2, 
reg__313: sram__GB0, 
logic__951: sram__GB2, 
muxpart__108: sram__GB2, 
logic__999: sram__GB2, 
muxpart__245: sram__GB1, 
logic__815: sram__GB2, 
muxpart__300: sram__GB2, 
reg__520: sram__GB0, 
reg__59: sram__GB0, 
logic__1039: sram__GB2, 
reg__78: sram__GB0, 
reg__332: sram__GB0, 
logic__447: sram__GB2, 
reg__406: sram__GB0, 
reg__445: sram__GB0, 
reg__473: sram__GB0, 
logic__50: dataPath__GC0, 
logic__883: sram__GB2, 
reg__512: sram__GB0, 
logic__399: sram__GB2, 
reg__202: sram__GB1, 
case__48: dataPath__GC0, 
logic__969: sram__GB2, 
muxpart__32: sram__GB1, 
reg__53: sram__GB0, 
muxpart__138: sram__GB2, 
case__49: dataPath__GC0, 
logic__1065: sram__GB2, 
logic__371: sram__GB1, 
reg__542: sram__GB0, 
logic__679: sram__GB1, 
muxpart__122: sram__GB2, 
muxpart__404: sram__GB2, 
reg__553: sram__GB0, 
reg__195: sram__GB1, 
logic__935: sram__GB2, 
logic__134: dataPath__GC0, 
case__25: dataPath__GC0, 
case: dataPath__GC0, 
muxpart__452: sram__GB2, 
muxpart__125: sram__GB2, 
muxpart__14: sram__GB1, 
logic__763: sram__GB2, 
muxpart__253: sram__GB1, 
muxpart__310: sram__GB2, 
muxpart__246: sram__GB1, 
reg__10: dataPath__GC0, 
logic__877: sram__GB2, 
case__47: dataPath__GC0, 
case__3: dataPath__GC0, 
logic__1103: sram__GB2, 
reg__455: sram__GB0, 
controlUnit: dataPath__GC0, 
muxpart__196: sram__GB1, 
reg__487: sram__GB0, 
muxpart__486: sram__GB2, 
muxpart__155: sram__GB1, 
case__78: dataPath__GC0, 
logic__1045: sram__GB2, 
reg__263: sram__GB1, 
muxpart__18: sram__GB1, 
reg__429: sram__GB0, 
reg__408: sram__GB0, 
logic__1051: sram__GB2, 
logic__501: sram__GB1, 
logic__489: sram__GB2, 
logic__1123: sram__GB2, 
logic__575: sram__GB1, 
muxpart__329: sram__GB2, 
reg__99: sram__GB0, 
muxpart__394: sram__GB2, 
reg__394: sram__GB0, 
reg__285: sram__GB0, 
muxpart__428: sram__GB2, 
logic__685: sram__GB1, 
reg__92: sram__GB0, 
reg__36: dataPath__GC0, 
logic__823: sram__GB2, 
muxpart__77: sram__GB1, 
reg__413: sram__GB0, 
muxpart__12: sram__GB1, 
logic__241: sram__GB1, 
logic__991: sram__GB2, 
instFetch: dataPath__GC0, 
reg__68: sram__GB0, 
muxpart__153: sram__GB2, 
logic__181: dataPath__GC0, 
reg__111: sram__GB0, 
logic__667: sram__GB1, 
logic__359: sram__GB1, 
reg__474: sram__GB0, 
logic__1259: dataPath__GC0, 
logic__1125: sram__GB2, 
logic__716: sram__GB1, 
muxpart__295: sram__GB1, 
logic__239: sram__GB1, 
logic__483: sram__GB2, 
muxpart__7: dataPath__GC0, 
logic__1137: sram__GB2, 
muxpart__395: sram__GB2, 
logic__211: sram__GB1, 
muxpart__518: sram__GB2, 
reg__45: sram__GB0, 
case__70: dataPath__GC0, 
logic__49: dataPath__GC0, 
muxpart__285: sram__GB2, 
muxpart__98: sram__GB2, 
logic__589: sram__GB1, 
muxpart__265: sram__GB1, 
case__43: dataPath__GC0, 
muxpart__109: sram__GB2, 
reg__253: sram__GB1, 
reg__558: mem__GC0, 
muxpart__70: sram__GB1, 
reg__226: sram__GB1, 
muxpart__261: sram__GB1, 
muxpart__105: sram__GB2, 
reg__303: sram__GB0, 
muxpart__38: sram__GB1, 
muxpart__188: sram__GB1, 
muxpart__197: sram__GB1, 
reg__481: sram__GB0, 
reg__422: sram__GB0, 
reg__296: sram__GB0, 
reg__524: sram__GB0, 
muxpart__187: sram__GB1, 
logic__115: dataPath__GC0, 
logic__1161: sram__GB2, 
reg__54: sram__GB0, 
logic__919: sram__GB2, 
reg__463: sram__GB0, 
muxpart__499: sram__GB2, 
reg__126: sram__GB0, 
logic__86: dataPath__GC0, 
reg__551: sram__GB0, 
muxpart__444: sram__GB2, 
reg__502: sram__GB0, 
case__15: dataPath__GC0, 
logic__36: dataPath__GC0, 
reg__368: sram__GB0, 
logic__1107: sram__GB2, 
muxpart__506: sram__GB2, 
logic__565: sram__GB1, 
logic__213: sram__GB1, 
reg__33: dataPath__GC0, 
muxpart__510: sram__GB2, 
logic__383: sram__GB2, 
logic__923: sram__GB2, 
muxpart__400: sram__GB2, 
logic__723: sram__GB1, 
datapath__12: dataPath__GC0, 
reg__386: sram__GB0, 
sram__GB0: sram__GB0, 
logic__30: dataPath__GC0, 
reg__449: sram__GB0, 
reg__103: sram__GB0, 
reg__510: sram__GB0, 
muxpart__364: sram__GB2, 
muxpart__424: sram__GB2, 
muxpart__338: sram__GB2, 
muxpart__370: sram__GB2, 
logic__51: dataPath__GC0, 
muxpart__150: sram__GB2, 
logic__705: sram__GB1, 
logic__485: sram__GB2, 
muxpart__360: sram__GB2, 
logic__637: sram__GB1, 
logic__777: sram__GB1, 
logic__343: sram__GB1, 
datapath__5: dataPath__GC0, 
muxpart__51: sram__GB1, 
reg__44: sram__GB1, 
reg__381: sram__GB0, 
logic__461: sram__GB2, 
sram__GB1: sram__GB1, 
reg__276: sram__GB0, 
logic__212: sram__GB1, 
logic__391: sram__GB2, 
muxpart__262: sram__GB1, 
logic__471: sram__GB2, 
muxpart__343: sram__GB2, 
muxpart__396: sram__GB2, 
reg__518: sram__GB0, 
logic__513: sram__GB1, 
muxpart__391: sram__GB2, 
logic__1021: sram__GB2, 
muxpart__524: dataPath__GC0, 
datapath__17: dataPath__GC0, 
logic__8: dataPath__GC0, 
muxpart__489: sram__GB2, 
muxpart__224: sram__GB1, 
logic__855: sram__GB2, 
muxpart__308: sram__GB2, 
muxpart__281: sram__GB2, 
reg__521: sram__GB0, 
logic__171: dataPath__GC0, 
reg__293: sram__GB0, 
reg__261: sram__GB1, 
logic__927: sram__GB2, 
reg__431: sram__GB0, 
reg__188: sram__GB1, 
logic__133: dataPath__GC0, 
reg__435: sram__GB0, 
muxpart__427: sram__GB2, 
muxpart__280: sram__GB1, 
logic__1011: sram__GB2, 
reg__197: sram__GB1, 
datapath__4: dataPath__GC0, 
logic__997: sram__GB2, 
muxpart__19: sram__GB1, 
forward: dataPath__GC0, 
reg__382: sram__GB0, 
reg__412: sram__GB0, 
logic__1207: sram__GB2, 
logic__453: sram__GB2, 
muxpart__78: sram__GB1, 
logic__165: dataPath__GC0, 
logic__351: sram__GB1, 
reg__362: sram__GB0, 
reg__465: sram__GB0, 
muxpart__415: sram__GB2, 
logic__837: sram__GB2, 
case__33: dataPath__GC0, 
logic__27: dataPath__GC0, 
reg__311: sram__GB0, 
reg__159: sram__GB0, 
logic__915: sram__GB2, 
reg__201: sram__GB1, 
instDecodeReg: dataPath__GC0, 
muxpart__320: sram__GB2, 
muxpart__446: sram__GB2, 
muxpart__71: sram__GB2, 
muxpart__492: sram__GB2, 
reg__416: sram__GB0, 
muxpart__238: sram__GB1, 
logic__1260: dataPath__GC0, 
muxpart__512: sram__GB2, 
muxpart__171: sram__GB1, 
reg__484: sram__GB0, 
logic__1017: sram__GB2, 
logic__799: sram__GB2, 
case__46: dataPath__GC0, 
muxpart__8: mem__GC0, 
muxpart__470: sram__GB2, 
logic__277: sram__GB1, 
reg__306: sram__GB0, 
reg__30: dataPath__GC0, 
muxpart__336: sram__GB2, 
logic__585: sram__GB1, 
reg__298: sram__GB0, 
muxpart__473: sram__GB2, 
muxpart__369: sram__GB2, 
logic__3: dataPath__GC0, 
reg__323: sram__GB0, 
logic__166: dataPath__GC0, 
logic__1095: sram__GB2, 
reg__401: sram__GB0, 
logic__1181: sram__GB2, 
muxpart__287: sram__GB2, 
logic__811: sram__GB2, 
muxpart__276: sram__GB2, 
logic__283: sram__GB1, 
reg__417: sram__GB0, 
reg__380: sram__GB0, 
case__57: dataPath__GC0, 
muxpart__429: sram__GB2, 
muxpart__216: sram__GB1, 
reg__151: sram__GB0, 
muxpart__118: sram__GB2, 
muxpart__334: sram__GB2, 
muxpart__184: sram__GB2, 
reg__366: sram__GB0, 
logic__267: sram__GB1, 
logic__1249: dataPath__GC0, 
reg__402: sram__GB0, 
reg__229: sram__GB1, 
reg__135: sram__GB0, 
logic__515: sram__GB1, 
logic__315: sram__GB1, 
reg__548: sram__GB0, 
logic__120: dataPath__GC0, 
logic__90: dataPath__GC0, 
reg: dataPath__GC0, 
logic__287: sram__GB1, 
reg__228: sram__GB1, 
logic__255: sram__GB1, 
logic__945: sram__GB2, 
logic__895: sram__GB2, 
logic__445: sram__GB2, 
muxpart__34: sram__GB1, 
case__13: dataPath__GC0, 
reg__287: sram__GB0, 
reg__450: sram__GB0, 
reg__34: dataPath__GC0, 
muxpart__316: sram__GB2, 
logic__985: sram__GB2, 
logic__737: sram__GB2, 
logic__871: sram__GB2, 
reg__367: sram__GB0, 
muxpart__384: sram__GB2, 
logic__1163: sram__GB2, 
logic__909: sram__GB2, 
reg__514: sram__GB0, 
muxpart__460: sram__GB2, 
reg__42: sram__GB0, 
logic__131: dataPath__GC0, 
case__54: dataPath__GC0, 
reg__189: sram__GB1, 
reg__213: sram__GB1, 
logic__317: sram__GB1, 
logic__75: dataPath__GC0, 
logic__307: sram__GB1, 
muxpart__322: sram__GB2, 
logic__1217: sram__GB2, 
muxpart__459: sram__GB2, 
logic__793: sram__GB2, 
logic__233: sram__GB1, 
muxpart__256: sram__GB1, 
muxpart__237: sram__GB1, 
logic__989: sram__GB2, 
muxpart__241: sram__GB1, 
logic__1067: sram__GB2, 
muxpart__107: sram__GB2, 
reg__89: sram__GB0, 
reg__191: sram__GB1, 
muxpart__120: sram__GB2, 
reg__363: sram__GB0, 
reg__519: sram__GB0, 
logic__541: sram__GB2, 
logic__405: sram__GB2, 
logic__797: sram__GB2, 
muxpart__324: sram__GB2, 
reg__539: sram__GB0, 
reg__67: sram__GB0, 
logic__937: sram__GB2, 
reg__301: sram__GB0, 
logic__41: dataPath__GC0, 
muxpart__521: sram__GB2, 
logic__1093: sram__GB2, 
reg__70: sram__GB0, 
logic__599: sram__GB2, 
logic__1043: sram__GB2, 
case__72: dataPath__GC0, 
reg__432: sram__GB0, 
reg__121: sram__GB0, 
reg__526: sram__GB0, 
datapath__19: dataPath__GC0, 
reg__262: sram__GB1, 
logic__43: dataPath__GC0, 
reg__275: sram__GB0, 
muxpart__342: sram__GB2, 
case__55: dataPath__GC0, 
muxpart__115: sram__GB2, 
muxpart__463: sram__GB2, 
logic__465: sram__GB2, 
reg__480: sram__GB0, 
muxpart__477: sram__GB2, 
reg__147: sram__GB0, 
muxpart__393: sram__GB2, 
muxpart__116: sram__GB2, 
muxpart__165: sram__GB1, 
reg__157: sram__GB0, 
reg__52: sram__GB0, 
case__21: dataPath__GC0, 
reg__269: sram__GB1, 
logic__18: dataPath__GC0, 
reg__409: sram__GB0, 
muxpart__143: sram__GB2, 
logic__761: sram__GB2, 
muxpart__507: sram__GB2, 
reg__20: dataPath__GC0, 
logic__1197: sram__GB2, 
reg__527: sram__GB0, 
logic__89: dataPath__GC0, 
logic__1151: sram__GB2, 
logic__821: sram__GB2, 
logic__931: sram__GB2, 
logic__819: sram__GB2, 
muxpart__106: sram__GB2, 
muxpart__354: sram__GB2, 
muxpart__10: sram__GB1, 
registerFile: dataPath__GC0, 
logic__1077: sram__GB2, 
muxpart__286: sram__GB1, 
logic__1203: sram__GB2, 
logic__55: dataPath__GC0, 
exeReg: dataPath__GC0, 
muxpart__456: sram__GB2, 
case__77: dataPath__GC0, 
logic__76: dataPath__GC0, 
logic__375: sram__GB2, 
reg__51: sram__GB0, 
reg__533: sram__GB0, 
logic__1111: sram__GB2, 
muxpart__252: sram__GB1, 
reg__143: sram__GB0, 
logic__907: sram__GB2, 
muxpart__491: sram__GB2, 
logic__59: dataPath__GC0, 
reg__91: sram__GB0, 
case__39: dataPath__GC0, 
muxpart__17: sram__GB1, 
logic__185: dataPath__GC0, 
muxpart__30: sram__GB1, 
muxpart__291: sram__GB2, 
muxpart__269: sram__GB1, 
datapath__18: dataPath__GC0, 
reg__331: sram__GB0, 
muxpart__146: sram__GB2, 
reg__234: sram__GB1, 
reg__249: sram__GB1, 
muxpart__235: sram__GB1, 
reg__178: sram__GB0, 
reg__319: sram__GB0, 
muxpart__350: sram__GB2, 
reg__242: sram__GB1, 
muxpart__148: sram__GB2, 
reg__41: mem__GC0, 
muxpart__142: sram__GB2, 
muxpart__319: sram__GB2, 
wb: dataPath__GC0, 
logic__178: dataPath__GC0, 
reg__27: dataPath__GC0, 
logic__38: dataPath__GC0, 
logic__387: sram__GB2, 
logic__713: sram__GB1, 
muxpart__466: sram__GB2, 
reg__336: sram__GB0, 
logic__361: sram__GB1, 
logic__753: sram__GB2, 
reg__442: sram__GB0, 
reg__415: sram__GB0, 
reg__61: sram__GB0, 
reg__467: sram__GB0, 
muxpart__413: sram__GB2, 
muxpart__144: sram__GB2, 
reg__128: sram__GB0, 
muxpart__215: sram__GB1, 
logic__1075: sram__GB2, 
muxpart__437: sram__GB2, 
reg__513: sram__GB0, 
muxpart__248: sram__GB1, 
muxpart__124: sram__GB2, 
muxpart__451: sram__GB2, 
muxpart__412: sram__GB2, 
case__68: dataPath__GC0, 
reg__98: sram__GB0, 
reg__490: sram__GB0, 
logic__433: sram__GB2, 
logic__403: sram__GB2, 
muxpart__443: sram__GB2, 
logic__1015: sram__GB2, 
reg__345: sram__GB0, 
case__51: dataPath__GC0, 
muxpart__210: sram__GB1, 
muxpart__339: sram__GB2, 
muxpart__123: sram__GB2, 
reg__475: sram__GB0, 
logic__759: sram__GB2, 
reg__76: sram__GB0, 
logic__74: dataPath__GC0, 
logic__409: sram__GB2, 
logic__863: sram__GB2, 
reg__230: sram__GB1, 
reg__428: sram__GB0, 
muxpart__160: sram__GB2, 
muxpart__344: sram__GB2, 
muxpart__315: sram__GB2, 
reg__541: sram__GB0, 
muxpart__407: sram__GB2, 
reg__15: dataPath__GC0, 
instDecode: dataPath__GC0, 
muxpart__111: sram__GB2, 
reg__133: sram__GB0, 
muxpart__1: dataPath__GC0, 
reg__28: dataPath__GC0, 
reg__80: sram__GB0, 
reg__339: sram__GB0, 
reg__264: sram__GB1, 
logic__247: sram__GB1, 
logic__807: sram__GB2, 
muxpart__303: sram__GB2, 
logic__413: sram__GB2, 
logic__629: sram__GB1, 
logic__621: sram__GB2, 
logic__206: sram__GB1, 
muxpart__345: sram__GB2, 
logic__441: sram__GB2, 
logic__905: sram__GB2, 
muxpart__397: sram__GB2, 
muxpart__389: sram__GB2, 
muxpart__326: sram__GB2, 
logic__783: sram__GB1, 
logic__717: sram__GB1, 
logic__123: dataPath__GC0, 
logic__979: sram__GB2, 
logic__1101: sram__GB2, 
muxpart__436: sram__GB2, 
logic__467: sram__GB2, 
reg__145: sram__GB0, 
val2generator: dataPath__GC0, 
reg__515: sram__GB0, 
muxpart__493: sram__GB2, 
reg__330: sram__GB0, 
logic__71: dataPath__GC0, 
logic__911: sram__GB2, 
reg__14: dataPath__GC0, 
logic__1155: sram__GB2, 
hazard: dataPath__GC0, 
logic__993: sram__GB2, 
logic__1141: sram__GB2, 
reg__549: sram__GB0, 
logic__1013: sram__GB2, 
logic__727: sram__GB2, 
muxpart__438: sram__GB2, 
logic__747: sram__GB2, 
case__59: dataPath__GC0, 
logic__1005: sram__GB2, 
reg__470: sram__GB0, 
case__76: dataPath__GC0, 
logic__1047: sram__GB2, 
muxpart__200: sram__GB1, 
logic__745: sram__GB1, 
reg__273: sram__GB0, 
reg__119: sram__GB0, 
reg__49: sram__GB0, 
case__8: dataPath__GC0, 
logic__1159: sram__GB2, 
muxpart__173: sram__GB1, 
reg__38: dataPath__GC0, 
datapath__10: mem__GC0, 
muxpart__93: sram__GB1, 
logic__987: sram__GB2, 
reg__243: sram__GB0, 
logic__767: sram__GB2, 
reg__444: sram__GB0, 
logic__329: sram__GB1, 
muxpart__385: sram__GB2, 
logic__651: sram__GB1, 
reg__383: sram__GB0, 
logic__301: sram__GB1, 
reg__334: sram__GB0, 
logic__221: sram__GB1, 
reg__556: mem__GC0, 
logic__347: sram__GB1, 
muxpart__388: sram__GB2, 
muxpart__57: sram__GB1, 
muxpart__240: sram__GB1, 
logic__715: sram__GB1, 
case__36: dataPath__GC0, 
reg__155: sram__GB0, 
logic__925: sram__GB2, 
logic__243: sram__GB1, 
muxpart__500: sram__GB2, 
logic__459: sram__GB2, 
reg__198: sram__GB1, 
muxpart__257: sram__GB1, 
reg__137: sram__GB0, 
reg__248: sram__GB1, 
logic__77: dataPath__GC0, 
muxpart__471: sram__GB2, 
muxpart__279: sram__GB2, 
muxpart__20: sram__GB1, 
logic__407: sram__GB2, 
reg__477: sram__GB0, 
logic__1089: sram__GB2, 
muxpart__87: sram__GB1, 
logic__353: sram__GB2, 
muxpart__191: sram__GB1, 
logic__257: sram__GB1, 
logic__1069: sram__GB2, 
muxpart__147: sram__GB2, 
reg__302: sram__GB0, 
logic__601: sram__GB1, 
logic__1171: sram__GB2, 
logic__1191: sram__GB2, 
logic__845: sram__GB2, 
reg__205: sram__GB1, 
logic__865: sram__GB2, 
logic__263: sram__GB1, 
case__26: dataPath__GC0, 
logic__198: mem__GC0, 
muxpart__92: sram__GB1, 
logic__1129: sram__GB2, 
reg__300: sram__GB0, 
muxpart__219: sram__GB1, 
logic__831: sram__GB2, 
logic__493: sram__GB2, 
logic__45: dataPath__GC0, 
reg__351: sram__GB0, 
muxpart__104: sram__GB2, 
reg__393: sram__GB0, 
muxpart__181: sram__GB1, 
logic__367: sram__GB1, 
muxpart__46: sram__GB1, 
reg__310: sram__GB0, 
muxpart__327: sram__GB2, 
muxpart__333: sram__GB2, 
reg__312: sram__GB0, 
logic__117: dataPath__GC0, 
reg__532: sram__GB0, 
reg__97: sram__GB0, 
reg__84: sram__GB0, 
muxpart__380: sram__GB2, 
reg__250: sram__GB0, 
logic__235: sram__GB1, 
reg__327: sram__GB0, 
reg__175: sram__GB0, 
logic__91: dataPath__GC0, 
logic__1215: sram__GB2, 
reg__1: dataPath__GC0, 
case__74: mem__GC0, 
reg__535: sram__GB0, 
muxpart__22: sram__GB1, 
muxpart__180: sram__GB1, 
muxpart__221: sram__GB1, 
logic__833: sram__GB2, 
logic__619: sram__GB1, 
muxpart__485: sram__GB2, 
reg__297: sram__GB0, 
reg__348: sram__GB0, 
logic__72: dataPath__GC0, 
reg__489: sram__GB0, 
logic__755: sram__GB2, 
logic__1119: sram__GB2, 
logic__495: sram__GB1, 
instMem: dataPath__GC0, 
muxpart__209: sram__GB1, 
logic__965: sram__GB2, 
reg__495: sram__GB0, 
logic__527: sram__GB1, 
muxpart__441: sram__GB2, 
logic__947: sram__GB2, 
muxpart__484: sram__GB2, 
logic__297: sram__GB1, 
reg__182: sram__GB0, 
logic__675: sram__GB1, 
