reg__430: reg__430
reg__11: reg__11
reg__523: reg__523
reg__462: reg__462
case__75: case__75
logic__1087: logic__1087
logic__577: logic__577
reg__39: reg__39
muxpart: muxpart
muxpart__59: muxpart__59
reg__278: reg__278
muxpart__372: muxpart__372
muxpart__457: muxpart__457
muxpart__439: muxpart__439
reg__546: reg__546
logic__977: logic__977
muxpart__103: muxpart__103
muxpart__325: muxpart__325
logic__63: logic__63
muxpart__132: muxpart__132
muxpart__140: muxpart__140
reg__130: reg__130
reg__344: reg__344
logic__633: logic__633
reg__245: reg__245
reg__289: reg__289
logic__913: logic__913
reg__127: reg__127
logic__1225: logic__1225
logic__273: logic__273
logic__1033: logic__1033
logic__505: logic__505
logic__785: logic__785
reg__101: reg__101
muxpart__178: muxpart__178
logic__175: logic__175
logic__615: logic__615
logic__733: logic__733
muxpart__340: muxpart__340
case__35: case__35
reg__238: reg__238
muxpart__450: muxpart__450
logic__963: logic__963
logic__539: logic__539
muxpart__514: muxpart__514
logic__237: logic__237
muxpart__85: muxpart__85
reg__457: reg__457
logic__309: logic__309
logic__1241: logic__1241
muxpart__66: muxpart__66
logic__835: logic__835
logic__499: logic__499
muxpart__501: muxpart__501
reg__3: reg__3
reg__316: reg__316
reg__56: reg__56
case__30: case__30
logic__323: logic__323
muxpart__220: muxpart__220
logic__385: logic__385
muxpart__462: muxpart__462
reg__260: reg__260
logic__265: logic__265
muxpart__130: muxpart__130
case__4: case__4
case__2: case__2
logic__207: logic__207
logic__885: logic__885
reg__280: reg__280
logic__791: logic__791
logic__1059: logic__1059
logic__859: logic__859
logic__1037: logic__1037
muxpart__416: muxpart__416
reg__497: reg__497
reg__272: reg__272
reg__125: reg__125
muxpart__217: muxpart__217
reg__268: reg__268
logic__253: logic__253
reg__239: reg__239
logic__126: logic__126
logic__1143: logic__1143
muxpart__464: muxpart__464
muxpart__42: muxpart__42
muxpart__290: muxpart__290
muxpart__13: muxpart__13
logic__605: logic__605
muxpart__97: muxpart__97
logic__801: logic__801
logic__735: logic__735
muxpart__249: muxpart__249
logic__415: logic__415
logic__1235: logic__1235
logic__217: logic__217
logic__631: logic__631
muxpart__228: muxpart__228
muxpart__366: muxpart__366
logic__559: logic__559
logic__285: logic__285
reg__105: reg__105
logic__47: logic__47
reg__185: reg__185
muxpart__458: muxpart__458
muxpart__440: muxpart__440
muxpart__405: muxpart__405
muxpart__332: muxpart__332
muxpart__298: muxpart__298
reg__156: reg__156
logic__695: logic__695
reg__77: reg__77
muxpart__54: muxpart__54
logic__6: logic__6
muxpart__89: muxpart__89
muxpart__195: muxpart__195
muxpart__157: muxpart__157
reg__113: reg__113
reg__391: reg__391
logic__571: logic__571
muxpart__318: muxpart__318
muxpart__517: muxpart__517
logic__1001: logic__1001
reg__117: reg__117
muxpart__378: muxpart__378
reg__148: reg__148
logic__369: logic__369
reg__64: reg__64
logic__449: logic__449
muxpart__289: muxpart__289
logic__941: logic__941
logic__261: logic__261
muxpart__100: muxpart__100
logic__769: logic__769
reg__399: reg__399
muxpart__274: muxpart__274
muxpart__5: muxpart__5
muxpart__434: muxpart__434
muxpart__263: muxpart__263
reg__459: reg__459
reg__57: reg__57
muxpart__465: muxpart__465
logic__981: logic__981
muxpart__164: muxpart__164
muxpart__11: muxpart__11
exe: exe
logic__245: logic__245
muxpart__81: muxpart__81
logic__341: logic__341
case__69: case__69
reg__283: reg__283
muxpart__239: muxpart__239
logic__677: logic__677
reg__530: reg__530
reg__317: reg__317
reg__468: reg__468
logic__899: logic__899
reg__361: reg__361
logic__249: logic__249
logic__1213: logic__1213
logic__1113: logic__1113
logic__943: logic__943
muxpart__101: muxpart__101
reg__461: reg__461
reg__120: reg__120
logic__869: logic__869
reg__492: reg__492
muxpart__83: muxpart__83
reg__90: reg__90
reg__224: reg__224
logic__683: logic__683
logic__275: logic__275
logic__1061: logic__1061
muxpart__398: muxpart__398
logic__58: logic__58
logic__535: logic__535
sramCTRL: sramCTRL
logic__1201: logic__1201
reg__284: reg__284
muxpart__134: muxpart__134
logic__609: logic__609
logic__119: logic__119
logic__641: logic__641
reg__346: reg__346
reg__540: reg__540
reg__254: reg__254
reg__309: reg__309
reg__398: reg__398
reg__79: reg__79
logic__44: logic__44
reg__547: reg__547
reg__141: reg__141
logic__357: logic__357
case__56: case__56
reg__214: reg__214
logic__635: logic__635
muxpart__268: muxpart__268
reg__504: reg__504
logic__12: logic__12
logic__511: logic__511
muxpart__275: muxpart__275
muxpart__229: muxpart__229
reg__164: reg__164
reg__236: reg__236
logic__1105: logic__1105
reg__525: reg__525
reg__43: reg__43
muxpart__504: muxpart__504
reg__509: reg__509
reg__88: reg__88
logic__19: logic__19
muxpart__9: muxpart__9
muxpart__515: muxpart__515
reg__114: reg__114
muxpart__401: muxpart__401
logic__1145: logic__1145
muxpart__363: muxpart__363
muxpart__299: muxpart__299
muxpart__292: muxpart__292
case__37: case__37
muxpart__26: muxpart__26
reg__349: reg__349
reg__22: reg__22
muxpart__377: muxpart__377
reg__107: reg__107
logic__701: logic__701
datapath__1: datapath__1
reg__212: reg__212
muxpart__468: muxpart__468
reg__534: reg__534
logic__219: logic__219
logic__1099: logic__1099
reg__560: reg__560
muxpart__328: muxpart__328
reg__286: reg__286
muxpart__371: muxpart__371
muxpart__24: muxpart__24
logic__547: logic__547
datapath__3: datapath__3
logic__561: logic__561
logic__379: logic__379
reg__194: reg__194
dataPath__GC0: dataPath__GC0
muxpart__207: muxpart__207
reg__223: reg__223
reg__69: reg__69
reg__295: reg__295
muxpart__392: muxpart__392
reg__418: reg__418
muxpart__348: muxpart__348
muxpart__96: muxpart__96
logic__268: logic__268
reg__341: reg__341
muxpart__417: muxpart__417
muxpart__411: muxpart__411
reg__124: reg__124
logic__381: logic__381
muxpart__390: muxpart__390
reg__517: reg__517
reg__400: reg__400
reg__169: reg__169
muxpart__88: muxpart__88
logic__1041: logic__1041
muxpart__267: muxpart__267
logic__771: logic__771
logic__959: logic__959
reg__109: reg__109
muxpart__31: muxpart__31
logic__623: logic__623
reg__132: reg__132
reg__494: reg__494
reg__232: reg__232
logic__1223: logic__1223
muxpart__383: muxpart__383
muxpart__211: muxpart__211
muxpart__309: muxpart__309
logic__531: logic__531
logic__743: logic__743
muxpart__294: muxpart__294
logic__843: logic__843
logic__1230: logic__1230
logic__54: logic__54
muxpart__505: muxpart__505
reg__233: reg__233
muxpart__95: muxpart__95
logic__1063: logic__1063
logic__893: logic__893
reg__183: reg__183
logic__765: logic__765
reg__529: reg__529
reg__187: reg__187
logic__130: logic__130
reg__395: reg__395
reg__329: reg__329
logic__593: logic__593
logic__973: logic__973
logic__1169: logic__1169
reg__403: reg__403
reg__360: reg__360
muxpart__131: muxpart__131
logic__325: logic__325
logic__136: logic__136
logic__781: logic__781
reg__378: reg__378
muxpart__50: muxpart__50
muxpart__386: muxpart__386
muxpart__23: muxpart__23
muxpart__277: muxpart__277
logic__289: logic__289
reg__554: reg__554
logic__195: logic__195
reg__18: reg__18
muxpart__251: muxpart__251
reg__166: reg__166
logic__917: logic__917
reg__139: reg__139
muxpart__258: muxpart__258
reg__522: reg__522
logic__125: logic__125
muxpart__475: muxpart__475
logic__363: logic__363
logic__303: logic__303
logic__169: logic__169
logic__1135: logic__1135
reg__122: reg__122
muxpart__129: muxpart__129
logic__1147: logic__1147
reg__177: reg__177
reg__537: reg__537
logic__787: logic__787
logic__279: logic__279
logic__1055: logic__1055
reg__186: reg__186
muxpart__278: muxpart__278
muxpart__15: muxpart__15
logic__401: logic__401
logic__1097: logic__1097
reg__93: reg__93
reg__96: reg__96
muxpart__374: muxpart__374
reg__244: reg__244
reg__193: reg__193
reg__299: reg__299
logic__82: logic__82
muxpart__259: muxpart__259
reg__466: reg__466
muxpart__522: muxpart__522
muxpart__426: muxpart__426
logic__591: logic__591
logic__1109: logic__1109
muxpart__231: muxpart__231
case__18: case__18
reg__506: reg__506
logic__957: logic__957
muxpart__72: muxpart__72
muxpart__133: muxpart__133
muxpart__39: muxpart__39
reg__472: reg__472
muxpart__152: muxpart__152
muxpart__167: muxpart__167
muxpart__4: muxpart__4
muxpart__185: muxpart__185
reg__174: reg__174
muxpart__432: muxpart__432
reg__440: reg__440
muxpart__467: muxpart__467
reg__352: reg__352
muxpart__166: muxpart__166
logic__961: logic__961
reg__426: reg__426
muxpart__227: muxpart__227
reg__355: reg__355
logic__1081: logic__1081
reg__456: reg__456
logic__1187: logic__1187
muxpart__232: muxpart__232
reg__488: reg__488
muxpart__208: muxpart__208
muxpart__64: muxpart__64
case__71: case__71
logic__20: logic__20
muxpart__283: muxpart__283
logic__295: logic__295
muxpart__503: muxpart__503
reg__531: reg__531
logic__1131: logic__1131
logic__827: logic__827
muxpart__302: muxpart__302
muxpart__2: muxpart__2
reg__190: reg__190
reg__65: reg__65
reg__257: reg__257
logic__335: logic__335
datapath__16: datapath__16
muxpart__176: muxpart__176
reg__423: reg__423
muxpart__37: muxpart__37
logic__1027: logic__1027
reg__81: reg__81
muxpart__213: muxpart__213
muxpart__414: muxpart__414
logic__475: logic__475
muxpart__156: muxpart__156
muxpart__234: muxpart__234
reg__150: reg__150
muxpart__461: muxpart__461
reg__129: reg__129
logic__80: logic__80
case__22: case__22
muxpart__168: muxpart__168
logic__15: logic__15
logic__639: logic__639
logic__653: logic__653
case__34: case__34
logic__1053: logic__1053
reg__516: reg__516
logic__805: logic__805
logic__491: logic__491
logic__897: logic__897
logic__393: logic__393
reg__210: reg__210
logic__681: logic__681
logic__503: logic__503
logic__711: logic__711
muxpart__194: muxpart__194
logic__479: logic__479
muxpart__273: muxpart__273
muxpart__63: muxpart__63
reg__142: reg__142
muxpart__359: muxpart__359
reg__118: reg__118
logic__439: logic__439
logic__52: logic__52
logic__397: logic__397
reg__46: reg__46
muxpart__523: muxpart__523
muxpart__62: muxpart__62
logic__817: logic__817
reg__180: reg__180
logic__587: logic__587
logic__204: logic__204
datapath__15: datapath__15
logic__1195: logic__1195
reg__267: reg__267
logic__78: logic__78
logic__553: logic__553
logic__48: logic__48
muxpart__73: muxpart__73
reg__219: reg__219
reg__498: reg__498
logic__507: logic__507
logic__339: logic__339
reg__26: reg__26
reg__66: reg__66
reg__288: reg__288
conditionCheck: conditionCheck
logic__889: logic__889
reg__350: reg__350
reg__469: reg__469
case__67: case__67
reg__543: reg__543
muxpart__236: muxpart__236
muxpart__422: muxpart__422
logic__1079: logic__1079
muxpart__331: muxpart__331
logic__1227: logic__1227
reg__8: reg__8
logic__1049: logic__1049
datapath__13: datapath__13
logic__693: logic__693
case__61: case__61
logic__1231: logic__1231
logic__421: logic__421
reg__545: reg__545
muxpart__346: muxpart__346
muxpart__296: muxpart__296
logic__135: logic__135
muxpart__3: muxpart__3
muxpart__117: muxpart__117
reg__153: reg__153
logic__66: logic__66
muxpart__423: muxpart__423
logic__933: logic__933
logic__1228: logic__1228
muxpart__480: muxpart__480
logic__867: logic__867
logic__225: logic__225
muxpart__476: muxpart__476
logic__725: logic__725
logic__751: logic__751
reg__181: reg__181
reg__305: reg__305
muxpart__379: muxpart__379
reg__75: reg__75
reg__294: reg__294
case__42: case__42
case__20: case__20
reg__165: reg__165
muxpart__25: muxpart__25
reg__4: reg__4
logic__423: logic__423
reg__237: reg__237
muxpart__357: muxpart__357
muxpart__323: muxpart__323
logic__655: logic__655
logic__187: logic__187
logic__949: logic__949
logic__127: logic__127
reg__204: reg__204
logic__569: logic__569
reg__220: reg__220
logic__643: logic__643
datapath__8: datapath__8
logic__603: logic__603
muxpart__110: muxpart__110
muxpart__430: muxpart__430
logic__533: logic__533
logic__88: logic__88
muxpart__490: muxpart__490
muxpart__483: muxpart__483
muxpart__454: muxpart__454
logic__220: logic__220
muxpart__448: muxpart__448
reg__184: reg__184
reg__265: reg__265
logic__9: logic__9
reg__501: reg__501
reg__538: reg__538
logic__229: logic__229
muxpart__137: muxpart__137
case__17: case__17
logic__1085: logic__1085
logic__128: logic__128
logic__319: logic__319
case__44: case__44
logic__313: logic__313
logic__73: logic__73
muxpart__353: muxpart__353
logic__345: logic__345
reg__407: reg__407
datapath__14: datapath__14
reg__32: reg__32
logic__33: logic__33
reg__6: reg__6
muxpart__474: muxpart__474
logic__1025: logic__1025
muxpart__79: muxpart__79
reg__277: reg__277
reg__168: reg__168
muxpart__341: muxpart__341
muxpart__183: muxpart__183
reg__247: reg__247
muxpart__226: muxpart__226
logic__83: logic__83
logic__427: logic__427
muxpart__419: muxpart__419
muxpart__40: muxpart__40
muxpart__16: muxpart__16
logic__305: logic__305
logic__1115: logic__1115
reg__338: reg__338
muxpart__190: muxpart__190
muxpart__376: muxpart__376
logic__163: logic__163
logic__124: logic__124
logic__1261: logic__1261
muxpart__520: muxpart__520
muxpart__425: muxpart__425
muxpart__362: muxpart__362
reg__112: reg__112
reg__5: reg__5
logic__1019: logic__1019
muxpart__91: muxpart__91
logic__291: logic__291
reg__396: reg__396
muxpart__223: muxpart__223
reg__211: reg__211
reg__85: reg__85
logic__377: logic__377
reg__259: reg__259
reg__324: reg__324
reg__29: reg__29
muxpart__139: muxpart__139
reg__13: reg__13
reg__48: reg__48
logic__208: logic__208
case__65: case__65
logic__331: logic__331
logic__349: logic__349
reg__392: reg__392
reg__555: reg__555
reg__12: reg__12
muxpart__255: muxpart__255
reg__21: reg__21
logic__1175: logic__1175
logic__1009: logic__1009
muxpart__351: muxpart__351
reg__550: reg__550
muxpart__421: muxpart__421
reg__482: reg__482
muxpart__368: muxpart__368
muxpart__453: muxpart__453
reg__225: reg__225
logic__729: logic__729
logic__595: logic__595
muxpart__80: muxpart__80
reg__371: reg__371
reg__471: reg__471
logic__205: logic__205
reg__404: reg__404
logic__1219: logic__1219
reg__453: reg__453
muxpart__126: muxpart__126
logic__1003: logic__1003
muxpart__403: muxpart__403
reg__31: reg__31
logic__809: logic__809
logic__691: logic__691
reg__379: reg__379
reg__208: reg__208
muxpart__41: muxpart__41
muxpart__307: muxpart__307
logic__669: logic__669
muxpart__284: muxpart__284
muxpart__233: muxpart__233
logic__1031: logic__1031
reg__206: reg__206
logic__1229: logic__1229
reg__438: reg__438
case__1: case__1
muxpart__206: muxpart__206
muxpart__186: muxpart__186
logic__200: logic__200
reg__405: reg__405
logic__687: logic__687
memReg: memReg
muxpart__305: muxpart__305
reg__131: reg__131
reg__231: reg__231
logic__849: logic__849
muxpart__250: muxpart__250
muxpart__172: muxpart__172
logic__903: logic__903
logic__1173: logic__1173
reg__507: reg__507
logic__1189: logic__1189
reg__441: reg__441
reg__246: reg__246
muxpart__179: muxpart__179
logic__67: logic__67
muxpart__516: muxpart__516
reg__454: reg__454
muxpart__45: muxpart__45
muxpart__431: muxpart__431
reg__192: reg__192
reg__241: reg__241
reg__419: reg__419
case__11: case__11
logic__1127: logic__1127
reg__7: reg__7
muxpart__203: muxpart__203
logic__419: logic__419
muxpart__306: muxpart__306
reg__335: reg__335
reg__359: reg__359
muxpart__317: muxpart__317
logic__551: logic__551
logic__455: logic__455
reg__377: reg__377
reg__110: reg__110
datapath__6: datapath__6
muxpart__247: muxpart__247
muxpart__177: muxpart__177
reg__508: reg__508
muxpart__161: muxpart__161
logic__451: logic__451
reg__447: reg__447
logic__168: logic__168
muxpart__29: muxpart__29
reg__134: reg__134
logic__1057: logic__1057
logic__671: logic__671
muxpart__112: muxpart__112
logic__355: logic__355
muxpart__509: muxpart__509
reg__464: reg__464
muxpart__74: muxpart__74
logic__251: logic__251
muxpart__175: muxpart__175
muxpart__28: muxpart__28
logic__901: logic__901
case__10: case__10
logic__1209: logic__1209
logic__567: logic__567
reg__342: reg__342
muxpart__55: muxpart__55
muxpart__244: muxpart__244
datapath: datapath
logic__2: logic__2
reg__209: reg__209
logic__389: logic__389
reg__314: reg__314
logic__929: logic__929
logic__645: logic__645
muxpart__297: muxpart__297
reg__326: reg__326
muxpart__420: muxpart__420
reg__460: reg__460
logic__617: logic__617
logic: logic
logic__395: logic__395
reg__47: reg__47
logic__81: logic__81
muxpart__402: muxpart__402
case__16: case__16
logic__509: logic__509
logic__579: logic__579
logic__741: logic__741
reg__255: reg__255
logic__1117: logic__1117
reg__328: reg__328
reg__149: reg__149
case__28: case__28
logic__1167: logic__1167
muxpart__170: muxpart__170
case__66: case__66
reg__108: reg__108
muxpart__330: muxpart__330
logic__231: logic__231
reg__235: reg__235
reg__37: reg__37
reg__384: reg__384
logic__703: logic__703
reg__320: reg__320
datapath__11: datapath__11
reg__387: reg__387
logic__202: logic__202
reg__437: reg__437
logic__121: logic__121
logic__887: logic__887
reg__199: reg__199
muxpart__311: muxpart__311
case__45: case__45
reg__333: reg__333
reg__410: reg__410
logic__132: logic__132
logic__983: logic__983
muxpart__260: muxpart__260
reg__281: reg__281
reg__216: reg__216
reg__503: reg__503
muxpart__36: muxpart__36
reg__388: reg__388
logic__649: logic__649
muxpart__43: muxpart__43
logic__851: logic__851
muxpart__511: muxpart__511
pla: pla
reg__95: reg__95
reg__476: reg__476
case__32: case__32
muxpart__113: muxpart__113
muxpart__447: muxpart__447
muxpart__433: muxpart__433
reg__458: reg__458
logic__271: logic__271
datapath__7: datapath__7
case__40: case__40
muxpart__409: muxpart__409
logic__647: logic__647
muxpart__479: muxpart__479
muxpart__418: muxpart__418
reg__252: reg__252
case__41: case__41
muxpart__498: muxpart__498
logic__170: logic__170
logic__1165: logic__1165
reg__24: reg__24
logic__469: logic__469
logic__60: logic__60
case__31: case__31
muxpart__358: muxpart__358
muxpart__497: muxpart__497
reg__478: reg__478
muxpart__442: muxpart__442
case__12: case__12
muxpart__293: muxpart__293
logic__613: logic__613
reg__266: reg__266
reg__140: reg__140
reg__123: reg__123
muxpart__159: muxpart__159
logic__1193: logic__1193
muxpart__128: muxpart__128
logic__697: logic__697
case__14: case__14
reg__483: reg__483
logic__321: logic__321
reg__315: reg__315
reg__167: reg__167
logic__194: logic__194
logic__1157: logic__1157
reg__479: reg__479
reg__104: reg__104
logic__46: logic__46
muxpart__365: muxpart__365
logic__236: logic__236
logic__709: logic__709
muxpart__502: muxpart__502
logic__519: logic__519
logic__269: logic__269
reg__559: reg__559
muxpart__482: muxpart__482
muxpart__198: muxpart__198
datapath__2: datapath__2
reg__55: reg__55
logic__563: logic__563
logic__327: logic__327
reg__282: reg__282
reg__446: reg__446
reg__485: reg__485
logic__517: logic__517
reg__74: reg__74
reg__154: reg__154
muxpart__367: muxpart__367
reg__385: reg__385
reg__82: reg__82
reg__452: reg__452
logic__971: logic__971
reg__176: reg__176
reg__491: reg__491
muxpart__65: muxpart__65
logic__1185: logic__1185
muxpart__149: muxpart__149
logic__118: logic__118
muxpart__495: muxpart__495
logic__813: logic__813
muxpart__313: muxpart__313
muxpart__202: muxpart__202
logic__24: logic__24
muxpart__169: muxpart__169
logic__665: logic__665
logic__1199: logic__1199
logic__657: logic__657
reg__505: reg__505
reg__170: reg__170
logic__1221: logic__1221
muxpart__102: muxpart__102
logic__731: logic__731
muxpart__408: muxpart__408
muxpart__119: muxpart__119
reg__411: reg__411
muxpart__435: muxpart__435
reg__271: reg__271
reg__443: reg__443
muxpart__382: muxpart__382
logic__545: logic__545
logic__825: logic__825
muxpart__151: muxpart__151
logic__699: logic__699
logic__841: logic__841
reg__50: reg__50
case__19: case__19
muxpart__136: muxpart__136
reg__439: reg__439
muxpart__69: muxpart__69
muxpart__352: muxpart__352
reg__86: reg__86
logic__689: logic__689
reg__161: reg__161
muxpart__35: muxpart__35
reg__258: reg__258
muxpart__288: muxpart__288
reg__451: reg__451
muxpart__158: muxpart__158
case__29: case__29
logic__4: logic__4
muxpart__455: muxpart__455
reg__162: reg__162
reg__222: reg__222
muxpart__282: muxpart__282
logic__955: logic__955
muxpart__230: muxpart__230
muxpart__48: muxpart__48
reg__83: reg__83
logic__477: logic__477
logic__70: logic__70
logic__881: logic__881
reg__375: reg__375
logic__293: logic__293
reg__420: reg__420
reg__414: reg__414
reg__357: reg__357
datapath__9: datapath__9
logic__1211: logic__1211
reg__499: reg__499
muxpart__381: muxpart__381
reg__274: reg__274
muxpart__56: muxpart__56
reg__347: reg__347
case__7: case__7
muxpart__94: muxpart__94
logic__1254: logic__1254
muxpart__27: muxpart__27
muxpart__201: muxpart__201
logic__659: logic__659
reg__493: reg__493
logic__1073: logic__1073
case__5: case__5
muxpart__321: muxpart__321
statusRegister: statusRegister
logic__1133: logic__1133
logic__5: logic__5
reg__486: reg__486
muxpart__266: muxpart__266
logic__411: logic__411
muxpart__189: muxpart__189
logic__583: logic__583
logic__39: logic__39
muxpart__162: muxpart__162
reg__279: reg__279
logic__789: logic__789
reg__304: reg__304
reg__217: reg__217
logic__1245: logic__1245
logic__1149: logic__1149
reg__322: reg__322
reg__337: reg__337
logic__1007: logic__1007
logic__521: logic__521
logic__537: logic__537
muxpart__410: muxpart__410
muxpart__271: muxpart__271
logic__879: logic__879
case__9: case__9
logic__365: logic__365
reg__158: reg__158
logic__779: logic__779
logic__56: logic__56
logic__1083: logic__1083
muxpart__135: muxpart__135
muxpart__496: muxpart__496
reg__321: reg__321
logic__873: logic__873
reg__251: reg__251
muxpart__508: muxpart__508
reg__425: reg__425
reg__434: reg__434
logic__435: logic__435
muxpart__76: muxpart__76
logic__847: logic__847
muxpart__218: muxpart__218
logic__829: logic__829
case__73: case__73
logic__186: logic__186
logic__1183: logic__1183
case__50: case__50
reg__9: reg__9
muxpart__513: muxpart__513
reg__358: reg__358
logic__223: logic__223
muxpart__193: muxpart__193
muxpart__494: muxpart__494
reg__227: reg__227
reg__427: reg__427
logic__167: logic__167
reg__557: reg__557
reg__356: reg__356
logic__529: logic__529
logic__431: logic__431
reg__221: reg__221
case__62: case__62
muxpart__301: muxpart__301
logic__333: logic__333
muxpart__387: muxpart__387
logic__757: logic__757
logic__661: logic__661
logic__429: logic__429
reg__106: reg__106
reg__307: reg__307
logic__463: logic__463
muxpart__519: muxpart__519
mem__GC0: mem__GC0
reg__163: reg__163
reg__2: reg__2
logic__1023: logic__1023
logic__425: logic__425
muxpart__86: muxpart__86
PC: PC
logic__607: logic__607
case__6: case__6
logic__625: logic__625
muxpart__182: muxpart__182
logic__7: logic__7
logic__1153: logic__1153
logic__995: logic__995
logic__311: logic__311
muxpart__163: muxpart__163
logic__549: logic__549
logic__627: logic__627
reg__40: reg__40
muxpart__312: muxpart__312
case__60: case__60
muxpart__478: muxpart__478
muxpart__449: muxpart__449
muxpart__6: muxpart__6
logic__921: logic__921
logic__487: logic__487
reg__318: reg__318
logic__953: logic__953
reg__325: reg__325
reg__552: reg__552
logic__497: logic__497
reg__370: reg__370
logic__79: logic__79
reg__17: reg__17
reg__116: reg__116
reg__16: reg__16
logic__861: logic__861
muxpart__314: muxpart__314
logic__1177: logic__1177
reg__536: reg__536
reg__376: reg__376
reg__63: reg__63
logic__719: logic__719
reg__207: reg__207
logic__184: logic__184
reg__136: reg__136
reg__171: reg__171
logic__85: logic__85
reg__354: reg__354
reg__60: reg__60
muxpart__68: muxpart__68
muxpart__49: muxpart__49
reg__215: reg__215
logic__164: logic__164
logic__597: logic__597
reg__179: reg__179
reg__433: reg__433
logic__673: logic__673
muxpart__355: muxpart__355
logic__875: logic__875
logic__557: logic__557
reg__372: reg__372
case__23: case__23
reg__115: reg__115
muxpart__67: muxpart__67
muxpart__243: muxpart__243
muxpart__254: muxpart__254
muxpart__21: muxpart__21
case__52: case__52
reg__35: reg__35
logic__172: logic__172
logic__37: logic__37
muxpart__145: muxpart__145
muxpart__90: muxpart__90
case__53: case__53
logic__437: logic__437
logic__417: logic__417
logic__332: logic__332
reg__25: reg__25
reg__390: reg__390
muxpart__61: muxpart__61
reg__270: reg__270
logic__57: logic__57
reg__343: reg__343
logic__853: logic__853
muxpart__488: muxpart__488
reg__102: reg__102
reg__23: reg__23
logic__42: logic__42
muxpart__487: muxpart__487
reg__203: reg__203
reg__292: reg__292
reg__528: reg__528
logic__1139: logic__1139
muxpart__114: muxpart__114
reg__448: reg__448
muxpart__82: muxpart__82
case__24: case__24
logic__40: logic__40
muxpart__481: muxpart__481
reg__71: reg__71
muxpart__373: muxpart__373
muxpart__60: muxpart__60
logic__87: logic__87
muxpart__99: muxpart__99
reg__240: reg__240
logic__857: logic__857
logic__739: logic__739
reg__218: reg__218
muxpart__199: muxpart__199
muxpart__75: muxpart__75
instFetchReg: instFetchReg
muxpart__141: muxpart__141
muxpart__469: muxpart__469
reg__511: reg__511
logic__803: logic__803
reg__173: reg__173
logic__523: logic__523
muxpart__335: muxpart__335
case__38: case__38
reg__138: reg__138
reg__290: reg__290
logic__573: logic__573
muxpart__375: muxpart__375
logic__555: logic__555
logic__196: logic__196
muxpart__47: muxpart__47
logic__1179: logic__1179
muxpart__304: muxpart__304
muxpart__264: muxpart__264
muxpart__58: muxpart__58
muxpart__44: muxpart__44
muxpart__84: muxpart__84
logic__543: logic__543
muxpart__361: muxpart__361
muxpart__121: muxpart__121
muxpart__356: muxpart__356
muxpart__406: muxpart__406
muxpart__270: muxpart__270
reg__73: reg__73
logic__209: logic__209
reg__373: reg__373
reg__291: reg__291
logic__215: logic__215
case__27: case__27
reg__146: reg__146
reg__196: reg__196
logic__460: logic__460
reg__421: reg__421
reg__152: reg__152
muxpart__127: muxpart__127
muxpart__214: muxpart__214
reg__369: reg__369
reg__389: reg__389
muxpart__205: muxpart__205
reg__496: reg__496
logic__1071: logic__1071
logic__663: logic__663
muxpart__347: muxpart__347
muxpart__53: muxpart__53
logic__53: logic__53
logic__1091: logic__1091
reg__256: reg__256
logic__281: logic__281
logic__721: logic__721
logic__707: logic__707
logic__481: logic__481
logic__259: logic__259
case__63: case__63
reg__374: reg__374
logic__891: logic__891
muxpart__174: muxpart__174
muxpart__212: muxpart__212
reg__544: reg__544
muxpart__52: muxpart__52
logic__839: logic__839
reg__365: reg__365
logic__443: logic__443
logic__939: logic__939
logic__525: logic__525
reg__160: reg__160
reg__19: reg__19
reg__87: reg__87
reg__424: reg__424
reg__58: reg__58
logic__122: logic__122
reg__353: reg__353
logic__1205: logic__1205
reg__397: reg__397
logic__795: logic__795
muxpart__472: muxpart__472
logic__773: logic__773
logic__967: logic__967
logic__1035: logic__1035
muxpart__192: muxpart__192
case__58: case__58
reg__436: reg__436
logic__581: logic__581
muxpart__154: muxpart__154
reg__144: reg__144
logic__1029: logic__1029
muxpart__242: muxpart__242
ALU: ALU
muxpart__445: muxpart__445
logic__227: logic__227
muxpart__337: muxpart__337
reg__62: reg__62
logic__1232: logic__1232
logic__116: logic__116
case__64: case__64
logic__457: logic__457
logic__473: logic__473
logic__373: logic__373
muxpart__349: muxpart__349
muxpart__222: muxpart__222
logic__337: logic__337
reg__500: reg__500
reg__100: reg__100
muxpart__225: muxpart__225
reg__72: reg__72
logic__775: logic__775
muxpart__272: muxpart__272
logic__1121: logic__1121
reg__364: reg__364
logic__35: logic__35
reg__94: reg__94
logic__975: logic__975
logic__749: logic__749
logic__26: logic__26
reg__308: reg__308
logic__299: logic__299
muxpart__33: muxpart__33
logic__611: logic__611
muxpart__399: muxpart__399
reg__340: reg__340
reg__200: reg__200
reg__172: reg__172
muxpart__204: muxpart__204
logic__13: logic__13
sram__GB2: sram__GB2
reg__313: reg__313
logic__951: logic__951
muxpart__108: muxpart__108
logic__999: logic__999
muxpart__245: muxpart__245
logic__815: logic__815
muxpart__300: muxpart__300
reg__520: reg__520
reg__59: reg__59
logic__1039: logic__1039
reg__78: reg__78
reg__332: reg__332
logic__447: logic__447
reg__406: reg__406
reg__445: reg__445
reg__473: reg__473
logic__50: logic__50
logic__883: logic__883
reg__512: reg__512
logic__399: logic__399
reg__202: reg__202
case__48: case__48
logic__969: logic__969
muxpart__32: muxpart__32
reg__53: reg__53
muxpart__138: muxpart__138
case__49: case__49
logic__1065: logic__1065
logic__371: logic__371
reg__542: reg__542
logic__679: logic__679
muxpart__122: muxpart__122
muxpart__404: muxpart__404
reg__553: reg__553
reg__195: reg__195
logic__935: logic__935
logic__134: logic__134
case__25: case__25
case: case
muxpart__452: muxpart__452
muxpart__125: muxpart__125
muxpart__14: muxpart__14
logic__763: logic__763
muxpart__253: muxpart__253
muxpart__310: muxpart__310
muxpart__246: muxpart__246
reg__10: reg__10
logic__877: logic__877
case__47: case__47
case__3: case__3
logic__1103: logic__1103
reg__455: reg__455
controlUnit: controlUnit
muxpart__196: muxpart__196
reg__487: reg__487
muxpart__486: muxpart__486
muxpart__155: muxpart__155
case__78: case__78
logic__1045: logic__1045
reg__263: reg__263
muxpart__18: muxpart__18
reg__429: reg__429
reg__408: reg__408
logic__1051: logic__1051
logic__501: logic__501
logic__489: logic__489
logic__1123: logic__1123
logic__575: logic__575
muxpart__329: muxpart__329
reg__99: reg__99
muxpart__394: muxpart__394
reg__394: reg__394
reg__285: reg__285
muxpart__428: muxpart__428
logic__685: logic__685
reg__92: reg__92
reg__36: reg__36
logic__823: logic__823
muxpart__77: muxpart__77
reg__413: reg__413
muxpart__12: muxpart__12
logic__241: logic__241
logic__991: logic__991
instFetch: instFetch
reg__68: reg__68
muxpart__153: muxpart__153
logic__181: logic__181
reg__111: reg__111
logic__667: logic__667
logic__359: logic__359
reg__474: reg__474
logic__1259: logic__1259
logic__1125: logic__1125
logic__716: logic__716
muxpart__295: muxpart__295
logic__239: logic__239
logic__483: logic__483
muxpart__7: muxpart__7
logic__1137: logic__1137
muxpart__395: muxpart__395
logic__211: logic__211
muxpart__518: muxpart__518
reg__45: reg__45
case__70: case__70
logic__49: logic__49
muxpart__285: muxpart__285
muxpart__98: muxpart__98
logic__589: logic__589
muxpart__265: muxpart__265
case__43: case__43
muxpart__109: muxpart__109
reg__253: reg__253
reg__558: reg__558
muxpart__70: muxpart__70
reg__226: reg__226
muxpart__261: muxpart__261
muxpart__105: muxpart__105
reg__303: reg__303
muxpart__38: muxpart__38
muxpart__188: muxpart__188
muxpart__197: muxpart__197
reg__481: reg__481
reg__422: reg__422
reg__296: reg__296
reg__524: reg__524
muxpart__187: muxpart__187
logic__115: logic__115
logic__1161: logic__1161
reg__54: reg__54
logic__919: logic__919
reg__463: reg__463
muxpart__499: muxpart__499
reg__126: reg__126
logic__86: logic__86
reg__551: reg__551
muxpart__444: muxpart__444
reg__502: reg__502
case__15: case__15
logic__36: logic__36
reg__368: reg__368
logic__1107: logic__1107
muxpart__506: muxpart__506
logic__565: logic__565
logic__213: logic__213
reg__33: reg__33
muxpart__510: muxpart__510
logic__383: logic__383
logic__923: logic__923
muxpart__400: muxpart__400
logic__723: logic__723
datapath__12: datapath__12
reg__386: reg__386
sram__GB0: sram__GB0
logic__30: logic__30
reg__449: reg__449
reg__103: reg__103
reg__510: reg__510
muxpart__364: muxpart__364
muxpart__424: muxpart__424
muxpart__338: muxpart__338
muxpart__370: muxpart__370
logic__51: logic__51
muxpart__150: muxpart__150
logic__705: logic__705
logic__485: logic__485
muxpart__360: muxpart__360
logic__637: logic__637
logic__777: logic__777
logic__343: logic__343
datapath__5: datapath__5
muxpart__51: muxpart__51
reg__44: reg__44
reg__381: reg__381
logic__461: logic__461
sram__GB1: sram__GB1
reg__276: reg__276
logic__212: logic__212
logic__391: logic__391
muxpart__262: muxpart__262
logic__471: logic__471
muxpart__343: muxpart__343
muxpart__396: muxpart__396
reg__518: reg__518
logic__513: logic__513
muxpart__391: muxpart__391
logic__1021: logic__1021
muxpart__524: muxpart__524
datapath__17: datapath__17
logic__8: logic__8
muxpart__489: muxpart__489
muxpart__224: muxpart__224
logic__855: logic__855
muxpart__308: muxpart__308
muxpart__281: muxpart__281
reg__521: reg__521
logic__171: logic__171
reg__293: reg__293
reg__261: reg__261
logic__927: logic__927
reg__431: reg__431
reg__188: reg__188
logic__133: logic__133
reg__435: reg__435
muxpart__427: muxpart__427
muxpart__280: muxpart__280
logic__1011: logic__1011
reg__197: reg__197
datapath__4: datapath__4
logic__997: logic__997
muxpart__19: muxpart__19
forward: forward
reg__382: reg__382
reg__412: reg__412
logic__1207: logic__1207
logic__453: logic__453
muxpart__78: muxpart__78
logic__165: logic__165
logic__351: logic__351
reg__362: reg__362
reg__465: reg__465
muxpart__415: muxpart__415
logic__837: logic__837
case__33: case__33
logic__27: logic__27
reg__311: reg__311
reg__159: reg__159
logic__915: logic__915
reg__201: reg__201
instDecodeReg: instDecodeReg
muxpart__320: muxpart__320
muxpart__446: muxpart__446
muxpart__71: muxpart__71
muxpart__492: muxpart__492
reg__416: reg__416
muxpart__238: muxpart__238
logic__1260: logic__1260
muxpart__512: muxpart__512
muxpart__171: muxpart__171
reg__484: reg__484
logic__1017: logic__1017
logic__799: logic__799
case__46: case__46
muxpart__8: muxpart__8
muxpart__470: muxpart__470
logic__277: logic__277
reg__306: reg__306
reg__30: reg__30
muxpart__336: muxpart__336
logic__585: logic__585
reg__298: reg__298
muxpart__473: muxpart__473
muxpart__369: muxpart__369
logic__3: logic__3
reg__323: reg__323
logic__166: logic__166
logic__1095: logic__1095
reg__401: reg__401
logic__1181: logic__1181
muxpart__287: muxpart__287
logic__811: logic__811
muxpart__276: muxpart__276
logic__283: logic__283
reg__417: reg__417
reg__380: reg__380
case__57: case__57
muxpart__429: muxpart__429
muxpart__216: muxpart__216
reg__151: reg__151
muxpart__118: muxpart__118
muxpart__334: muxpart__334
muxpart__184: muxpart__184
reg__366: reg__366
logic__267: logic__267
logic__1249: logic__1249
reg__402: reg__402
reg__229: reg__229
reg__135: reg__135
logic__515: logic__515
logic__315: logic__315
reg__548: reg__548
logic__120: logic__120
logic__90: logic__90
reg: reg
logic__287: logic__287
reg__228: reg__228
logic__255: logic__255
logic__945: logic__945
logic__895: logic__895
logic__445: logic__445
muxpart__34: muxpart__34
case__13: case__13
reg__287: reg__287
reg__450: reg__450
reg__34: reg__34
muxpart__316: muxpart__316
logic__985: logic__985
logic__737: logic__737
logic__871: logic__871
reg__367: reg__367
muxpart__384: muxpart__384
logic__1163: logic__1163
logic__909: logic__909
reg__514: reg__514
muxpart__460: muxpart__460
reg__42: reg__42
logic__131: logic__131
case__54: case__54
reg__189: reg__189
reg__213: reg__213
logic__317: logic__317
logic__75: logic__75
logic__307: logic__307
muxpart__322: muxpart__322
logic__1217: logic__1217
muxpart__459: muxpart__459
logic__793: logic__793
logic__233: logic__233
muxpart__256: muxpart__256
muxpart__237: muxpart__237
logic__989: logic__989
muxpart__241: muxpart__241
logic__1067: logic__1067
muxpart__107: muxpart__107
reg__89: reg__89
reg__191: reg__191
muxpart__120: muxpart__120
reg__363: reg__363
reg__519: reg__519
logic__541: logic__541
logic__405: logic__405
logic__797: logic__797
muxpart__324: muxpart__324
reg__539: reg__539
reg__67: reg__67
logic__937: logic__937
reg__301: reg__301
logic__41: logic__41
muxpart__521: muxpart__521
logic__1093: logic__1093
reg__70: reg__70
logic__599: logic__599
logic__1043: logic__1043
case__72: case__72
reg__432: reg__432
reg__121: reg__121
reg__526: reg__526
datapath__19: datapath__19
reg__262: reg__262
logic__43: logic__43
reg__275: reg__275
muxpart__342: muxpart__342
case__55: case__55
muxpart__115: muxpart__115
muxpart__463: muxpart__463
logic__465: logic__465
reg__480: reg__480
muxpart__477: muxpart__477
reg__147: reg__147
muxpart__393: muxpart__393
muxpart__116: muxpart__116
muxpart__165: muxpart__165
reg__157: reg__157
reg__52: reg__52
case__21: case__21
reg__269: reg__269
logic__18: logic__18
reg__409: reg__409
muxpart__143: muxpart__143
logic__761: logic__761
muxpart__507: muxpart__507
reg__20: reg__20
logic__1197: logic__1197
reg__527: reg__527
logic__89: logic__89
logic__1151: logic__1151
logic__821: logic__821
logic__931: logic__931
logic__819: logic__819
muxpart__106: muxpart__106
muxpart__354: muxpart__354
muxpart__10: muxpart__10
registerFile: registerFile
logic__1077: logic__1077
muxpart__286: muxpart__286
logic__1203: logic__1203
logic__55: logic__55
exeReg: exeReg
muxpart__456: muxpart__456
case__77: case__77
logic__76: logic__76
logic__375: logic__375
reg__51: reg__51
reg__533: reg__533
logic__1111: logic__1111
muxpart__252: muxpart__252
reg__143: reg__143
logic__907: logic__907
muxpart__491: muxpart__491
logic__59: logic__59
reg__91: reg__91
case__39: case__39
muxpart__17: muxpart__17
logic__185: logic__185
muxpart__30: muxpart__30
muxpart__291: muxpart__291
muxpart__269: muxpart__269
datapath__18: datapath__18
reg__331: reg__331
muxpart__146: muxpart__146
reg__234: reg__234
reg__249: reg__249
muxpart__235: muxpart__235
reg__178: reg__178
reg__319: reg__319
muxpart__350: muxpart__350
reg__242: reg__242
muxpart__148: muxpart__148
reg__41: reg__41
muxpart__142: muxpart__142
muxpart__319: muxpart__319
wb: wb
logic__178: logic__178
reg__27: reg__27
logic__38: logic__38
logic__387: logic__387
logic__713: logic__713
muxpart__466: muxpart__466
reg__336: reg__336
logic__361: logic__361
logic__753: logic__753
reg__442: reg__442
reg__415: reg__415
reg__61: reg__61
reg__467: reg__467
muxpart__413: muxpart__413
muxpart__144: muxpart__144
reg__128: reg__128
muxpart__215: muxpart__215
logic__1075: logic__1075
muxpart__437: muxpart__437
reg__513: reg__513
muxpart__248: muxpart__248
muxpart__124: muxpart__124
muxpart__451: muxpart__451
muxpart__412: muxpart__412
case__68: case__68
reg__98: reg__98
reg__490: reg__490
logic__433: logic__433
logic__403: logic__403
muxpart__443: muxpart__443
logic__1015: logic__1015
reg__345: reg__345
case__51: case__51
muxpart__210: muxpart__210
muxpart__339: muxpart__339
muxpart__123: muxpart__123
reg__475: reg__475
logic__759: logic__759
reg__76: reg__76
logic__74: logic__74
logic__409: logic__409
logic__863: logic__863
reg__230: reg__230
reg__428: reg__428
muxpart__160: muxpart__160
muxpart__344: muxpart__344
muxpart__315: muxpart__315
reg__541: reg__541
muxpart__407: muxpart__407
reg__15: reg__15
instDecode: instDecode
muxpart__111: muxpart__111
reg__133: reg__133
muxpart__1: muxpart__1
reg__28: reg__28
reg__80: reg__80
reg__339: reg__339
reg__264: reg__264
logic__247: logic__247
logic__807: logic__807
muxpart__303: muxpart__303
logic__413: logic__413
logic__629: logic__629
logic__621: logic__621
logic__206: logic__206
muxpart__345: muxpart__345
logic__441: logic__441
logic__905: logic__905
muxpart__397: muxpart__397
muxpart__389: muxpart__389
muxpart__326: muxpart__326
logic__783: logic__783
logic__717: logic__717
logic__123: logic__123
logic__979: logic__979
logic__1101: logic__1101
muxpart__436: muxpart__436
logic__467: logic__467
reg__145: reg__145
val2generator: val2generator
reg__515: reg__515
muxpart__493: muxpart__493
reg__330: reg__330
logic__71: logic__71
logic__911: logic__911
reg__14: reg__14
logic__1155: logic__1155
hazard: hazard
logic__993: logic__993
logic__1141: logic__1141
reg__549: reg__549
logic__1013: logic__1013
logic__727: logic__727
muxpart__438: muxpart__438
logic__747: logic__747
case__59: case__59
logic__1005: logic__1005
reg__470: reg__470
case__76: case__76
logic__1047: logic__1047
muxpart__200: muxpart__200
logic__745: logic__745
reg__273: reg__273
reg__119: reg__119
reg__49: reg__49
case__8: case__8
logic__1159: logic__1159
muxpart__173: muxpart__173
reg__38: reg__38
datapath__10: datapath__10
muxpart__93: muxpart__93
logic__987: logic__987
reg__243: reg__243
logic__767: logic__767
reg__444: reg__444
logic__329: logic__329
muxpart__385: muxpart__385
logic__651: logic__651
reg__383: reg__383
logic__301: logic__301
reg__334: reg__334
logic__221: logic__221
reg__556: reg__556
logic__347: logic__347
muxpart__388: muxpart__388
muxpart__57: muxpart__57
muxpart__240: muxpart__240
logic__715: logic__715
case__36: case__36
reg__155: reg__155
logic__925: logic__925
logic__243: logic__243
muxpart__500: muxpart__500
logic__459: logic__459
reg__198: reg__198
muxpart__257: muxpart__257
reg__137: reg__137
reg__248: reg__248
logic__77: logic__77
muxpart__471: muxpart__471
muxpart__279: muxpart__279
muxpart__20: muxpart__20
logic__407: logic__407
reg__477: reg__477
logic__1089: logic__1089
muxpart__87: muxpart__87
logic__353: logic__353
muxpart__191: muxpart__191
logic__257: logic__257
logic__1069: logic__1069
muxpart__147: muxpart__147
reg__302: reg__302
logic__601: logic__601
logic__1171: logic__1171
logic__1191: logic__1191
logic__845: logic__845
reg__205: reg__205
logic__865: logic__865
logic__263: logic__263
case__26: case__26
logic__198: logic__198
muxpart__92: muxpart__92
logic__1129: logic__1129
reg__300: reg__300
muxpart__219: muxpart__219
logic__831: logic__831
logic__493: logic__493
logic__45: logic__45
reg__351: reg__351
muxpart__104: muxpart__104
reg__393: reg__393
muxpart__181: muxpart__181
logic__367: logic__367
muxpart__46: muxpart__46
reg__310: reg__310
muxpart__327: muxpart__327
muxpart__333: muxpart__333
reg__312: reg__312
logic__117: logic__117
reg__532: reg__532
reg__97: reg__97
reg__84: reg__84
muxpart__380: muxpart__380
reg__250: reg__250
logic__235: logic__235
reg__327: reg__327
reg__175: reg__175
logic__91: logic__91
logic__1215: logic__1215
reg__1: reg__1
case__74: case__74
reg__535: reg__535
muxpart__22: muxpart__22
muxpart__180: muxpart__180
muxpart__221: muxpart__221
logic__833: logic__833
logic__619: logic__619
muxpart__485: muxpart__485
reg__297: reg__297
reg__348: reg__348
logic__72: logic__72
reg__489: reg__489
logic__755: logic__755
logic__1119: logic__1119
logic__495: logic__495
instMem: instMem
muxpart__209: muxpart__209
logic__965: logic__965
reg__495: reg__495
logic__527: logic__527
muxpart__441: muxpart__441
logic__947: logic__947
muxpart__484: muxpart__484
logic__297: logic__297
reg__182: reg__182
logic__675: logic__675
